De Masi: 56 of 62 points are above threshold
=== 54_drop_halla_y16: chi2/ndf = 1.5405 (1127.7/732)
   fit    clas6_pi0:     426.4/288     1.48
   fit    clas6_eta:     223.5/207     1.08
   fit      halla_n:      26.4/12      2.20
          halla_y16:      97.5/21      4.64
   fit    halla_y11:     192.5/112     1.72
          halla_y21:    1489.0/144    10.34
          clas12_xs:    2437.2/438     5.56
            compass:    5493.1/10    549.31
   fit   bsa_demasi:     137.3/56      2.45
   fit     bsa_zhao:       4.3/12      0.36
   fit   bsa_clas12:      58.1/30      1.94
   fit          eg1:      59.2/40      1.48
   01_clas6_pi0_in_U.png                            chi2    127.3/96
   01_clas6_pi0_in_LT.png                           chi2    167.1/96
   01_clas6_pi0_in_TT.png                           chi2    132.0/96
   02_clas6_eta_in_U.png                            chi2    109.9/69
   02_clas6_eta_in_LT.png                           chi2     47.0/69
   02_clas6_eta_in_TT.png                           chi2     66.6/69
   03_halla_n_in_T.png                              chi2      0.9/4
   03_halla_n_in_LT.png                             chi2     10.5/4
   03_halla_n_in_TT.png                             chi2     15.0/4
   04_halla_y16_out_T.png                           chi2     28.4/7
   04_halla_y16_out_LT.png                          chi2     41.0/7
   04_halla_y16_out_TT.png                          chi2     28.1/7
   05_halla_y11_in_U.png                            chi2     39.4/28
   05_halla_y11_in_LT.png                           chi2     73.2/28
   05_halla_y11_in_TT.png                           chi2     47.4/28
   05_halla_y11_in_LTp.png                          chi2     32.5/28
   06_halla_y21_out_U.png                           chi2   1219.2/36
   06_halla_y21_out_LT.png                          chi2    113.7/36
   06_halla_y21_out_TT.png                          chi2    103.4/36
   06_halla_y21_out_LTp.png                         chi2     52.7/36
   07_clas12_xs_out_U.png                           chi2    375.3/146
   07_clas12_xs_out_LT.png                          chi2   1500.0/146
   07_clas12_xs_out_TT.png                          chi2    561.9/146
   08_compass_out_U.png                             chi2   4630.0/5
   08_compass_out_TT.png                            chi2    863.2/5
   09_bsa_demasi_in_A_LU^sinphi.png                 chi2    137.3/56
   10_bsa_zhao_in_A_LU^sinphi.png                   chi2      4.3/12
   11_bsa_clas12_in_sigma_LTp_over_sigma_0.png      chi2     58.1/30
   12_eg1_in_AULsin.png                             chi2     19.1/10
   12_eg1_in_AULsin2.png                            chi2      7.3/10
   12_eg1_in_ALLc.png                               chi2     17.2/10
   12_eg1_in_ALLcos.png                             chi2     15.5/10
plots -> runs/54_drop_halla_y16/plots
