Rc files read:
  NONE
Latexmk: This is Latexmk, John Collins, 27 Dec. 2024. Version 4.86a.
Latexmk: applying rule 'pdflatex'...
Rule 'pdflatex':  Reasons for rerun
Changed files or newly in use/created:
  figs/00_chi2_summary.png
  figs/01_bsa_demasi_phi_in_A_phi.png
  figs/02_clas6_pi0_in_LT.png
  figs/02_clas6_pi0_in_TT.png
  figs/02_clas6_pi0_in_U.png
  figs/03_clas6_eta_in_LT.png
  figs/03_clas6_eta_in_TT.png
  figs/03_clas6_eta_in_U.png
  figs/04_halla_n_in_LT.png
  figs/04_halla_n_in_T.png
  figs/04_halla_n_in_TT.png
  figs/05_halla_y16_in_LT.png
  figs/05_halla_y16_in_T.png
  figs/05_halla_y16_in_TT.png
  figs/06_halla_y11_in_LT.png
  figs/06_halla_y11_in_LTp.png
  figs/06_halla_y11_in_TT.png
  figs/06_halla_y11_in_U.png
  figs/07_halla_y21_in_LT.png
  figs/07_halla_y21_in_LTp.png
  figs/07_halla_y21_in_TT.png
  figs/07_halla_y21_in_U.png
  figs/08_clas12_xs_out_LT.png
  figs/08_clas12_xs_out_TT.png
  figs/08_clas12_xs_out_U.png
  figs/09_compass_in_TT.png
  figs/09_compass_in_U.png
  figs/10_bsa_demasi_out_A_LUsinphi.png
  figs/11_bsa_zhao_in_A_LUsinphi.png
  figs/12_bsa_clas12_in_sigma_LTp_over_sigma_0.png
  figs/13_eg1_in_ALLc.png
  figs/13_eg1_in_ALLcos.png
  figs/13_eg1_in_AULsin.png
  figs/13_eg1_in_AULsin2.png
  report.tex
  tab_blocks.tex
  tab_head.tex
  tab_norms.tex
  tab_other.tex
  tab_sets.tex
Category 'changed_user':
  figs/00_chi2_summary.png
  figs/01_bsa_demasi_phi_in_A_phi.png
  figs/02_clas6_pi0_in_LT.png
  figs/02_clas6_pi0_in_TT.png
  figs/02_clas6_pi0_in_U.png
  figs/03_clas6_eta_in_LT.png
  figs/03_clas6_eta_in_TT.png
  figs/03_clas6_eta_in_U.png
  figs/04_halla_n_in_LT.png
  figs/04_halla_n_in_T.png
  figs/04_halla_n_in_TT.png
  figs/05_halla_y16_in_LT.png
  figs/05_halla_y16_in_T.png
  figs/05_halla_y16_in_TT.png
  figs/06_halla_y11_in_LT.png
  figs/06_halla_y11_in_LTp.png
  figs/06_halla_y11_in_TT.png
  figs/06_halla_y11_in_U.png
  figs/07_halla_y21_in_LT.png
  figs/07_halla_y21_in_LTp.png
  figs/07_halla_y21_in_TT.png
  figs/07_halla_y21_in_U.png
  figs/08_clas12_xs_out_LT.png
  figs/08_clas12_xs_out_TT.png
  figs/08_clas12_xs_out_U.png
  figs/09_compass_in_TT.png
  figs/09_compass_in_U.png
  figs/10_bsa_demasi_out_A_LUsinphi.png
  figs/11_bsa_zhao_in_A_LUsinphi.png
  figs/12_bsa_clas12_in_sigma_LTp_over_sigma_0.png
  figs/13_eg1_in_ALLc.png
  figs/13_eg1_in_ALLcos.png
  figs/13_eg1_in_AULsin.png
  figs/13_eg1_in_AULsin2.png
  report.tex
  tab_blocks.tex
  tab_head.tex
  tab_norms.tex
  tab_other.tex
  tab_sets.tex

------------
Run number 1 of rule 'pdflatex'
------------
------------
Running 'pdflatex  -interaction=nonstopmode -recorder  "report.tex"'
------------
This is pdfTeX, Version 3.141592653-2.6-1.40.27 (TeX Live 2025) (preloaded format=pdflatex)
 restricted \write18 enabled.
entering extended mode
(./report.tex
LaTeX2e <2024-11-01> patch level 2
L3 programming layer <2025-01-18>
(/usr/local/texlive/2025/texmf-dist/tex/latex/base/article.cls
Document Class: article 2024/06/29 v1.4n Standard LaTeX document class
(/usr/local/texlive/2025/texmf-dist/tex/latex/base/size11.clo))
(/usr/local/texlive/2025/texmf-dist/tex/latex/geometry/geometry.sty
(/usr/local/texlive/2025/texmf-dist/tex/latex/graphics/keyval.sty)
(/usr/local/texlive/2025/texmf-dist/tex/generic/iftex/ifvtex.sty
(/usr/local/texlive/2025/texmf-dist/tex/generic/iftex/iftex.sty)))
(/usr/local/texlive/2025/texmf-dist/tex/latex/amsmath/amsmath.sty
For additional information on amsmath, use the `?' option.
(/usr/local/texlive/2025/texmf-dist/tex/latex/amsmath/amstext.sty
(/usr/local/texlive/2025/texmf-dist/tex/latex/amsmath/amsgen.sty))
(/usr/local/texlive/2025/texmf-dist/tex/latex/amsmath/amsbsy.sty)
(/usr/local/texlive/2025/texmf-dist/tex/latex/amsmath/amsopn.sty))
(/usr/local/texlive/2025/texmf-dist/tex/latex/amsfonts/amssymb.sty
(/usr/local/texlive/2025/texmf-dist/tex/latex/amsfonts/amsfonts.sty))
(/usr/local/texlive/2025/texmf-dist/tex/latex/graphics/graphicx.sty
(/usr/local/texlive/2025/texmf-dist/tex/latex/graphics/graphics.sty
(/usr/local/texlive/2025/texmf-dist/tex/latex/graphics/trig.sty)
(/usr/local/texlive/2025/texmf-dist/tex/latex/graphics-cfg/graphics.cfg)
(/usr/local/texlive/2025/texmf-dist/tex/latex/graphics-def/pdftex.def)))
(/usr/local/texlive/2025/texmf-dist/tex/latex/booktabs/booktabs.sty)
(/usr/local/texlive/2025/texmf-dist/tex/latex/tools/longtable.sty)
(/usr/local/texlive/2025/texmf-dist/tex/latex/tools/array.sty)
(/usr/local/texlive/2025/texmf-dist/tex/latex/hyperref/hyperref.sty
(/usr/local/texlive/2025/texmf-dist/tex/latex/kvsetkeys/kvsetkeys.sty)
(/usr/local/texlive/2025/texmf-dist/tex/generic/kvdefinekeys/kvdefinekeys.sty)
(/usr/local/texlive/2025/texmf-dist/tex/generic/pdfescape/pdfescape.sty
(/usr/local/texlive/2025/texmf-dist/tex/generic/ltxcmds/ltxcmds.sty)
(/usr/local/texlive/2025/texmf-dist/tex/generic/pdftexcmds/pdftexcmds.sty
(/usr/local/texlive/2025/texmf-dist/tex/generic/infwarerr/infwarerr.sty)))
(/usr/local/texlive/2025/texmf-dist/tex/latex/hycolor/hycolor.sty)
(/usr/local/texlive/2025/texmf-dist/tex/latex/hyperref/nameref.sty
(/usr/local/texlive/2025/texmf-dist/tex/latex/refcount/refcount.sty)
(/usr/local/texlive/2025/texmf-dist/tex/generic/gettitlestring/gettitlestring.s
ty (/usr/local/texlive/2025/texmf-dist/tex/latex/kvoptions/kvoptions.sty)))
(/usr/local/texlive/2025/texmf-dist/tex/latex/etoolbox/etoolbox.sty)
(/usr/local/texlive/2025/texmf-dist/tex/generic/stringenc/stringenc.sty)
(/usr/local/texlive/2025/texmf-dist/tex/latex/hyperref/pd1enc.def)
(/usr/local/texlive/2025/texmf-dist/tex/generic/intcalc/intcalc.sty)
(/usr/local/texlive/2025/texmf-dist/tex/latex/hyperref/puenc.def)
(/usr/local/texlive/2025/texmf-dist/tex/latex/url/url.sty)
(/usr/local/texlive/2025/texmf-dist/tex/generic/bitset/bitset.sty
(/usr/local/texlive/2025/texmf-dist/tex/generic/bigintcalc/bigintcalc.sty))
(/usr/local/texlive/2025/texmf-dist/tex/latex/base/atbegshi-ltx.sty))
(/usr/local/texlive/2025/texmf-dist/tex/latex/hyperref/hpdftex.def
(/usr/local/texlive/2025/texmf-dist/tex/latex/base/atveryend-ltx.sty)
(/usr/local/texlive/2025/texmf-dist/tex/latex/rerunfilecheck/rerunfilecheck.sty

(/usr/local/texlive/2025/texmf-dist/tex/generic/uniquecounter/uniquecounter.sty
))) (/usr/local/texlive/2025/texmf-dist/tex/latex/microtype/microtype.sty
(/usr/local/texlive/2025/texmf-dist/tex/latex/microtype/microtype-pdftex.def)
(/usr/local/texlive/2025/texmf-dist/tex/latex/microtype/microtype.cfg))
(./tab_head.tex)
(/usr/local/texlive/2025/texmf-dist/tex/latex/l3backend/l3backend-pdftex.def)
(./report.aux)
*geometry* driver: auto-detecting
*geometry* detected driver: pdftex
(/usr/local/texlive/2025/texmf-dist/tex/context/base/mkii/supp-pdf.mkii
[Loading MPS to PDF converter (version 2006.09.02).]
) (/usr/local/texlive/2025/texmf-dist/tex/latex/epstopdf-pkg/epstopdf-base.sty
(/usr/local/texlive/2025/texmf-dist/tex/latex/latexconfig/epstopdf-sys.cfg))
(./report.out) (./report.out)
(/usr/local/texlive/2025/texmf-dist/tex/latex/microtype/mt-cmr.cfg)
(/usr/local/texlive/2025/texmf-dist/tex/latex/amsfonts/umsa.fd)
(/usr/local/texlive/2025/texmf-dist/tex/latex/microtype/mt-msa.cfg)
(/usr/local/texlive/2025/texmf-dist/tex/latex/amsfonts/umsb.fd)
(/usr/local/texlive/2025/texmf-dist/tex/latex/microtype/mt-msb.cfg)
[1{/usr/local/texlive/2025/texmf-var/fonts/map/pdftex/updmap/pdftex.map}]
Overfull \hbox (30.09491pt too wide) detected at line 117
[]
(./tab_sets.tex)
[2] (./tab_norms.tex)
[3] (./tab_blocks.tex) (./tab_other.tex)
[4]
[5]
[6]
[7]
[8 <./figs/00_chi2_summary.png> <./figs/02_clas6_pi0_in_U.png>]
[9 <./figs/02_clas6_pi0_in_LT.png> <./figs/02_clas6_pi0_in_TT.png>]
[10 <./figs/03_clas6_eta_in_U.png> <./figs/03_clas6_eta_in_LT.png>]
[11 <./figs/03_clas6_eta_in_TT.png> <./figs/04_halla_n_in_T.png> <./figs/04_hal
la_n_in_LT.png>]
[12 <./figs/04_halla_n_in_TT.png> <./figs/05_halla_y16_in_T.png>]
[13 <./figs/05_halla_y16_in_LT.png> <./figs/05_halla_y16_in_TT.png>]
[14 <./figs/06_halla_y11_in_U.png>]
[15 <./figs/06_halla_y11_in_LT.png> <./figs/06_halla_y11_in_TT.png>]
[16 <./figs/06_halla_y11_in_LTp.png>]
[17 <./figs/07_halla_y21_in_U.png>]
[18 <./figs/07_halla_y21_in_LT.png> <./figs/07_halla_y21_in_TT.png>]
[19 <./figs/07_halla_y21_in_LTp.png>]
[20 <./figs/08_clas12_xs_out_U.png>]
[21 <./figs/08_clas12_xs_out_LT.png>]
[22 <./figs/08_clas12_xs_out_TT.png>]
[23 <./figs/09_compass_in_U.png> <./figs/09_compass_in_TT.png>]
[24 <./figs/01_bsa_demasi_phi_in_A_phi.png>]
[25 <./figs/10_bsa_demasi_out_A_LUsinphi.png> <./figs/11_bsa_zhao_in_A_LUsinphi
.png>]
[26 <./figs/12_bsa_clas12_in_sigma_LTp_over_sigma_0.png> <./figs/13_eg1_in_ALLc
.png> <./figs/13_eg1_in_ALLcos.png>]
[27 <./figs/13_eg1_in_AULsin.png> <./figs/13_eg1_in_AULsin2.png>]
Overfull \hbox (22.09021pt too wide) in paragraph at lines 564--572
\OT1/cmr/m/n/10.95 (-20) hand. The data are \OT1/cmtt/m/n/10.95 pi0[]eta[]datab
ase.xlsx\OT1/cmr/m/n/10.95 (-20) , md5 \OT1/cmtt/m/n/10.95 04c3adf9d6e6b8d2b1b3
729f4ff79d1d\OT1/cmr/m/n/10.95 (-20) ; \OT1/cmtt/m/n/10.95 export[]db.py

[28] (./report.aux)

LaTeX Warning: Label(s) may have changed. Rerun to get cross-references right.

 )
(see the transcript file for additional information)</usr/local/texlive/2025/te
xmf-dist/fonts/type1/public/amsfonts/cm/cmbx10.pfb></usr/local/texlive/2025/tex
mf-dist/fonts/type1/public/amsfonts/cm/cmbx12.pfb></usr/local/texlive/2025/texm
f-dist/fonts/type1/public/amsfonts/cm/cmcsc10.pfb></usr/local/texlive/2025/texm
f-dist/fonts/type1/public/amsfonts/cm/cmex10.pfb></usr/local/texlive/2025/texmf
-dist/fonts/type1/public/amsfonts/cm/cmmi10.pfb></usr/local/texlive/2025/texmf-
dist/fonts/type1/public/amsfonts/cm/cmmi12.pfb></usr/local/texlive/2025/texmf-d
ist/fonts/type1/public/amsfonts/cm/cmmi5.pfb></usr/local/texlive/2025/texmf-dis
t/fonts/type1/public/amsfonts/cm/cmmi6.pfb></usr/local/texlive/2025/texmf-dist/
fonts/type1/public/amsfonts/cm/cmmi7.pfb></usr/local/texlive/2025/texmf-dist/fo
nts/type1/public/amsfonts/cm/cmmi8.pfb></usr/local/texlive/2025/texmf-dist/font
s/type1/public/amsfonts/cm/cmr10.pfb></usr/local/texlive/2025/texmf-dist/fonts/
type1/public/amsfonts/cm/cmr12.pfb></usr/local/texlive/2025/texmf-dist/fonts/ty
pe1/public/amsfonts/cm/cmr17.pfb></usr/local/texlive/2025/texmf-dist/fonts/type
1/public/amsfonts/cm/cmr7.pfb></usr/local/texlive/2025/texmf-dist/fonts/type1/p
ublic/amsfonts/cm/cmr8.pfb></usr/local/texlive/2025/texmf-dist/fonts/type1/publ
ic/amsfonts/cm/cmsy10.pfb></usr/local/texlive/2025/texmf-dist/fonts/type1/publi
c/amsfonts/cm/cmsy5.pfb></usr/local/texlive/2025/texmf-dist/fonts/type1/public/
amsfonts/cm/cmsy6.pfb></usr/local/texlive/2025/texmf-dist/fonts/type1/public/am
sfonts/cm/cmsy7.pfb></usr/local/texlive/2025/texmf-dist/fonts/type1/public/amsf
onts/cm/cmsy8.pfb></usr/local/texlive/2025/texmf-dist/fonts/type1/public/amsfon
ts/cm/cmti10.pfb></usr/local/texlive/2025/texmf-dist/fonts/type1/public/amsfont
s/cm/cmtt10.pfb></usr/local/texlive/2025/texmf-dist/fonts/type1/public/amsfonts
/cm/cmtt12.pfb>
Output written on report.pdf (28 pages, 4248479 bytes).
Transcript written on report.log.
Latexmk: Getting log file 'report.log'
Latexmk: Examining 'report.fls'
Latexmk: Examining 'report.log'
Latexmk: References changed.
Latexmk: Log file says output to 'report.pdf'
Latexmk: applying rule 'pdflatex'...
Rule 'pdflatex':  Reasons for rerun
Changed files or newly in use/created:
  report.aux

------------
Run number 2 of rule 'pdflatex'
------------
------------
Running 'pdflatex  -interaction=nonstopmode -recorder  "report.tex"'
------------
This is pdfTeX, Version 3.141592653-2.6-1.40.27 (TeX Live 2025) (preloaded format=pdflatex)
 restricted \write18 enabled.
entering extended mode
(./report.tex
LaTeX2e <2024-11-01> patch level 2
L3 programming layer <2025-01-18>
(/usr/local/texlive/2025/texmf-dist/tex/latex/base/article.cls
Document Class: article 2024/06/29 v1.4n Standard LaTeX document class
(/usr/local/texlive/2025/texmf-dist/tex/latex/base/size11.clo))
(/usr/local/texlive/2025/texmf-dist/tex/latex/geometry/geometry.sty
(/usr/local/texlive/2025/texmf-dist/tex/latex/graphics/keyval.sty)
(/usr/local/texlive/2025/texmf-dist/tex/generic/iftex/ifvtex.sty
(/usr/local/texlive/2025/texmf-dist/tex/generic/iftex/iftex.sty)))
(/usr/local/texlive/2025/texmf-dist/tex/latex/amsmath/amsmath.sty
For additional information on amsmath, use the `?' option.
(/usr/local/texlive/2025/texmf-dist/tex/latex/amsmath/amstext.sty
(/usr/local/texlive/2025/texmf-dist/tex/latex/amsmath/amsgen.sty))
(/usr/local/texlive/2025/texmf-dist/tex/latex/amsmath/amsbsy.sty)
(/usr/local/texlive/2025/texmf-dist/tex/latex/amsmath/amsopn.sty))
(/usr/local/texlive/2025/texmf-dist/tex/latex/amsfonts/amssymb.sty
(/usr/local/texlive/2025/texmf-dist/tex/latex/amsfonts/amsfonts.sty))
(/usr/local/texlive/2025/texmf-dist/tex/latex/graphics/graphicx.sty
(/usr/local/texlive/2025/texmf-dist/tex/latex/graphics/graphics.sty
(/usr/local/texlive/2025/texmf-dist/tex/latex/graphics/trig.sty)
(/usr/local/texlive/2025/texmf-dist/tex/latex/graphics-cfg/graphics.cfg)
(/usr/local/texlive/2025/texmf-dist/tex/latex/graphics-def/pdftex.def)))
(/usr/local/texlive/2025/texmf-dist/tex/latex/booktabs/booktabs.sty)
(/usr/local/texlive/2025/texmf-dist/tex/latex/tools/longtable.sty)
(/usr/local/texlive/2025/texmf-dist/tex/latex/tools/array.sty)
(/usr/local/texlive/2025/texmf-dist/tex/latex/hyperref/hyperref.sty
(/usr/local/texlive/2025/texmf-dist/tex/latex/kvsetkeys/kvsetkeys.sty)
(/usr/local/texlive/2025/texmf-dist/tex/generic/kvdefinekeys/kvdefinekeys.sty)
(/usr/local/texlive/2025/texmf-dist/tex/generic/pdfescape/pdfescape.sty
(/usr/local/texlive/2025/texmf-dist/tex/generic/ltxcmds/ltxcmds.sty)
(/usr/local/texlive/2025/texmf-dist/tex/generic/pdftexcmds/pdftexcmds.sty
(/usr/local/texlive/2025/texmf-dist/tex/generic/infwarerr/infwarerr.sty)))
(/usr/local/texlive/2025/texmf-dist/tex/latex/hycolor/hycolor.sty)
(/usr/local/texlive/2025/texmf-dist/tex/latex/hyperref/nameref.sty
(/usr/local/texlive/2025/texmf-dist/tex/latex/refcount/refcount.sty)
(/usr/local/texlive/2025/texmf-dist/tex/generic/gettitlestring/gettitlestring.s
ty (/usr/local/texlive/2025/texmf-dist/tex/latex/kvoptions/kvoptions.sty)))
(/usr/local/texlive/2025/texmf-dist/tex/latex/etoolbox/etoolbox.sty)
(/usr/local/texlive/2025/texmf-dist/tex/generic/stringenc/stringenc.sty)
(/usr/local/texlive/2025/texmf-dist/tex/latex/hyperref/pd1enc.def)
(/usr/local/texlive/2025/texmf-dist/tex/generic/intcalc/intcalc.sty)
(/usr/local/texlive/2025/texmf-dist/tex/latex/hyperref/puenc.def)
(/usr/local/texlive/2025/texmf-dist/tex/latex/url/url.sty)
(/usr/local/texlive/2025/texmf-dist/tex/generic/bitset/bitset.sty
(/usr/local/texlive/2025/texmf-dist/tex/generic/bigintcalc/bigintcalc.sty))
(/usr/local/texlive/2025/texmf-dist/tex/latex/base/atbegshi-ltx.sty))
(/usr/local/texlive/2025/texmf-dist/tex/latex/hyperref/hpdftex.def
(/usr/local/texlive/2025/texmf-dist/tex/latex/base/atveryend-ltx.sty)
(/usr/local/texlive/2025/texmf-dist/tex/latex/rerunfilecheck/rerunfilecheck.sty

(/usr/local/texlive/2025/texmf-dist/tex/generic/uniquecounter/uniquecounter.sty
))) (/usr/local/texlive/2025/texmf-dist/tex/latex/microtype/microtype.sty
(/usr/local/texlive/2025/texmf-dist/tex/latex/microtype/microtype-pdftex.def)
(/usr/local/texlive/2025/texmf-dist/tex/latex/microtype/microtype.cfg))
(./tab_head.tex)
(/usr/local/texlive/2025/texmf-dist/tex/latex/l3backend/l3backend-pdftex.def)
(./report.aux)
*geometry* driver: auto-detecting
*geometry* detected driver: pdftex
(/usr/local/texlive/2025/texmf-dist/tex/context/base/mkii/supp-pdf.mkii
[Loading MPS to PDF converter (version 2006.09.02).]
) (/usr/local/texlive/2025/texmf-dist/tex/latex/epstopdf-pkg/epstopdf-base.sty
(/usr/local/texlive/2025/texmf-dist/tex/latex/latexconfig/epstopdf-sys.cfg))
(./report.out) (./report.out)
(/usr/local/texlive/2025/texmf-dist/tex/latex/microtype/mt-cmr.cfg)
(/usr/local/texlive/2025/texmf-dist/tex/latex/amsfonts/umsa.fd)
(/usr/local/texlive/2025/texmf-dist/tex/latex/microtype/mt-msa.cfg)
(/usr/local/texlive/2025/texmf-dist/tex/latex/amsfonts/umsb.fd)
(/usr/local/texlive/2025/texmf-dist/tex/latex/microtype/mt-msb.cfg)
[1{/usr/local/texlive/2025/texmf-var/fonts/map/pdftex/updmap/pdftex.map}]
Overfull \hbox (30.09491pt too wide) detected at line 117
[]
(./tab_sets.tex)
[2] (./tab_norms.tex)
[3] (./tab_blocks.tex) (./tab_other.tex)
[4]
[5]
[6]
[7]
[8 <./figs/00_chi2_summary.png> <./figs/02_clas6_pi0_in_U.png>]
[9 <./figs/02_clas6_pi0_in_LT.png> <./figs/02_clas6_pi0_in_TT.png>]
[10 <./figs/03_clas6_eta_in_U.png> <./figs/03_clas6_eta_in_LT.png>]
[11 <./figs/03_clas6_eta_in_TT.png> <./figs/04_halla_n_in_T.png> <./figs/04_hal
la_n_in_LT.png>]
[12 <./figs/04_halla_n_in_TT.png> <./figs/05_halla_y16_in_T.png>]
[13 <./figs/05_halla_y16_in_LT.png> <./figs/05_halla_y16_in_TT.png>]
[14 <./figs/06_halla_y11_in_U.png>]
[15 <./figs/06_halla_y11_in_LT.png> <./figs/06_halla_y11_in_TT.png>]
[16 <./figs/06_halla_y11_in_LTp.png>]
[17 <./figs/07_halla_y21_in_U.png>]
[18 <./figs/07_halla_y21_in_LT.png> <./figs/07_halla_y21_in_TT.png>]
[19 <./figs/07_halla_y21_in_LTp.png>]
[20 <./figs/08_clas12_xs_out_U.png>]
[21 <./figs/08_clas12_xs_out_LT.png>]
[22 <./figs/08_clas12_xs_out_TT.png>]
[23 <./figs/09_compass_in_U.png> <./figs/09_compass_in_TT.png>]
[24 <./figs/01_bsa_demasi_phi_in_A_phi.png>]
[25 <./figs/10_bsa_demasi_out_A_LUsinphi.png> <./figs/11_bsa_zhao_in_A_LUsinphi
.png>]
[26 <./figs/12_bsa_clas12_in_sigma_LTp_over_sigma_0.png> <./figs/13_eg1_in_ALLc
.png> <./figs/13_eg1_in_ALLcos.png>]
[27 <./figs/13_eg1_in_AULsin.png> <./figs/13_eg1_in_AULsin2.png>]
Overfull \hbox (22.09021pt too wide) in paragraph at lines 564--572
\OT1/cmr/m/n/10.95 (-20) hand. The data are \OT1/cmtt/m/n/10.95 pi0[]eta[]datab
ase.xlsx\OT1/cmr/m/n/10.95 (-20) , md5 \OT1/cmtt/m/n/10.95 04c3adf9d6e6b8d2b1b3
729f4ff79d1d\OT1/cmr/m/n/10.95 (-20) ; \OT1/cmtt/m/n/10.95 export[]db.py

[28] (./report.aux) )
(see the transcript file for additional information)</usr/local/texlive/2025/te
xmf-dist/fonts/type1/public/amsfonts/cm/cmbx10.pfb></usr/local/texlive/2025/tex
mf-dist/fonts/type1/public/amsfonts/cm/cmbx12.pfb></usr/local/texlive/2025/texm
f-dist/fonts/type1/public/amsfonts/cm/cmcsc10.pfb></usr/local/texlive/2025/texm
f-dist/fonts/type1/public/amsfonts/cm/cmex10.pfb></usr/local/texlive/2025/texmf
-dist/fonts/type1/public/amsfonts/cm/cmmi10.pfb></usr/local/texlive/2025/texmf-
dist/fonts/type1/public/amsfonts/cm/cmmi12.pfb></usr/local/texlive/2025/texmf-d
ist/fonts/type1/public/amsfonts/cm/cmmi5.pfb></usr/local/texlive/2025/texmf-dis
t/fonts/type1/public/amsfonts/cm/cmmi6.pfb></usr/local/texlive/2025/texmf-dist/
fonts/type1/public/amsfonts/cm/cmmi7.pfb></usr/local/texlive/2025/texmf-dist/fo
nts/type1/public/amsfonts/cm/cmmi8.pfb></usr/local/texlive/2025/texmf-dist/font
s/type1/public/amsfonts/cm/cmr10.pfb></usr/local/texlive/2025/texmf-dist/fonts/
type1/public/amsfonts/cm/cmr12.pfb></usr/local/texlive/2025/texmf-dist/fonts/ty
pe1/public/amsfonts/cm/cmr17.pfb></usr/local/texlive/2025/texmf-dist/fonts/type
1/public/amsfonts/cm/cmr7.pfb></usr/local/texlive/2025/texmf-dist/fonts/type1/p
ublic/amsfonts/cm/cmr8.pfb></usr/local/texlive/2025/texmf-dist/fonts/type1/publ
ic/amsfonts/cm/cmsy10.pfb></usr/local/texlive/2025/texmf-dist/fonts/type1/publi
c/amsfonts/cm/cmsy5.pfb></usr/local/texlive/2025/texmf-dist/fonts/type1/public/
amsfonts/cm/cmsy6.pfb></usr/local/texlive/2025/texmf-dist/fonts/type1/public/am
sfonts/cm/cmsy7.pfb></usr/local/texlive/2025/texmf-dist/fonts/type1/public/amsf
onts/cm/cmsy8.pfb></usr/local/texlive/2025/texmf-dist/fonts/type1/public/amsfon
ts/cm/cmti10.pfb></usr/local/texlive/2025/texmf-dist/fonts/type1/public/amsfont
s/cm/cmtt10.pfb></usr/local/texlive/2025/texmf-dist/fonts/type1/public/amsfonts
/cm/cmtt12.pfb>
Output written on report.pdf (28 pages, 4248479 bytes).
Transcript written on report.log.
Latexmk: Getting log file 'report.log'
Latexmk: Examining 'report.fls'
Latexmk: Examining 'report.log'
Latexmk: Log file says output to 'report.pdf'
Latexmk: All targets (report.pdf) are up-to-date

