This is pdfTeX, Version 3.141592653-2.6-1.40.27 (TeX Live 2025) (preloaded format=pdflatex 2025.3.8)  6 SEP 2026 13:19
entering extended mode
 restricted \write18 enabled.
 %&-line parsing enabled.
**report.tex
(./report.tex
LaTeX2e <2024-11-01> patch level 2
L3 programming layer <2025-01-18>
(/usr/local/texlive/2025/texmf-dist/tex/latex/base/article.cls
Document Class: article 2024/06/29 v1.4n Standard LaTeX document class
(/usr/local/texlive/2025/texmf-dist/tex/latex/base/size11.clo
File: size11.clo 2024/06/29 v1.4n Standard LaTeX file (size option)
)
\c@part=\count196
\c@section=\count197
\c@subsection=\count198
\c@subsubsection=\count199
\c@paragraph=\count266
\c@subparagraph=\count267
\c@figure=\count268
\c@table=\count269
\abovecaptionskip=\skip49
\belowcaptionskip=\skip50
\bibindent=\dimen141
)
(/usr/local/texlive/2025/texmf-dist/tex/latex/geometry/geometry.sty
Package: geometry 2020/01/02 v5.9 Page Geometry

(/usr/local/texlive/2025/texmf-dist/tex/latex/graphics/keyval.sty
Package: keyval 2022/05/29 v1.15 key=value parser (DPC)
\KV@toks@=\toks17
)
(/usr/local/texlive/2025/texmf-dist/tex/generic/iftex/ifvtex.sty
Package: ifvtex 2019/10/25 v1.7 ifvtex legacy package. Use iftex instead.

(/usr/local/texlive/2025/texmf-dist/tex/generic/iftex/iftex.sty
Package: iftex 2024/12/12 v1.0g TeX engine tests
))
\Gm@cnth=\count270
\Gm@cntv=\count271
\c@Gm@tempcnt=\count272
\Gm@bindingoffset=\dimen142
\Gm@wd@mp=\dimen143
\Gm@odd@mp=\dimen144
\Gm@even@mp=\dimen145
\Gm@layoutwidth=\dimen146
\Gm@layoutheight=\dimen147
\Gm@layouthoffset=\dimen148
\Gm@layoutvoffset=\dimen149
\Gm@dimlist=\toks18
)
(/usr/local/texlive/2025/texmf-dist/tex/latex/amsmath/amsmath.sty
Package: amsmath 2024/11/05 v2.17t AMS math features
\@mathmargin=\skip51

For additional information on amsmath, use the `?' option.
(/usr/local/texlive/2025/texmf-dist/tex/latex/amsmath/amstext.sty
Package: amstext 2021/08/26 v2.01 AMS text

(/usr/local/texlive/2025/texmf-dist/tex/latex/amsmath/amsgen.sty
File: amsgen.sty 1999/11/30 v2.0 generic functions
\@emptytoks=\toks19
\ex@=\dimen150
))
(/usr/local/texlive/2025/texmf-dist/tex/latex/amsmath/amsbsy.sty
Package: amsbsy 1999/11/29 v1.2d Bold Symbols
\pmbraise@=\dimen151
)
(/usr/local/texlive/2025/texmf-dist/tex/latex/amsmath/amsopn.sty
Package: amsopn 2022/04/08 v2.04 operator names
)
\inf@bad=\count273
LaTeX Info: Redefining \frac on input line 233.
\uproot@=\count274
\leftroot@=\count275
LaTeX Info: Redefining \overline on input line 398.
LaTeX Info: Redefining \colon on input line 409.
\classnum@=\count276
\DOTSCASE@=\count277
LaTeX Info: Redefining \ldots on input line 495.
LaTeX Info: Redefining \dots on input line 498.
LaTeX Info: Redefining \cdots on input line 619.
\Mathstrutbox@=\box52
\strutbox@=\box53
LaTeX Info: Redefining \big on input line 721.
LaTeX Info: Redefining \Big on input line 722.
LaTeX Info: Redefining \bigg on input line 723.
LaTeX Info: Redefining \Bigg on input line 724.
\big@size=\dimen152
LaTeX Font Info:    Redeclaring font encoding OML on input line 742.
LaTeX Font Info:    Redeclaring font encoding OMS on input line 743.
\macc@depth=\count278
LaTeX Info: Redefining \bmod on input line 904.
LaTeX Info: Redefining \pmod on input line 909.
LaTeX Info: Redefining \smash on input line 939.
LaTeX Info: Redefining \relbar on input line 969.
LaTeX Info: Redefining \Relbar on input line 970.
\c@MaxMatrixCols=\count279
\dotsspace@=\muskip17
\c@parentequation=\count280
\dspbrk@lvl=\count281
\tag@help=\toks20
\row@=\count282
\column@=\count283
\maxfields@=\count284
\andhelp@=\toks21
\eqnshift@=\dimen153
\alignsep@=\dimen154
\tagshift@=\dimen155
\tagwidth@=\dimen156
\totwidth@=\dimen157
\lineht@=\dimen158
\@envbody=\toks22
\multlinegap=\skip52
\multlinetaggap=\skip53
\mathdisplay@stack=\toks23
LaTeX Info: Redefining \[ on input line 2953.
LaTeX Info: Redefining \] on input line 2954.
)
(/usr/local/texlive/2025/texmf-dist/tex/latex/amsfonts/amssymb.sty
Package: amssymb 2013/01/14 v3.01 AMS font symbols

(/usr/local/texlive/2025/texmf-dist/tex/latex/amsfonts/amsfonts.sty
Package: amsfonts 2013/01/14 v3.01 Basic AMSFonts support
\symAMSa=\mathgroup4
\symAMSb=\mathgroup5
LaTeX Font Info:    Redeclaring math symbol \hbar on input line 98.
LaTeX Font Info:    Overwriting math alphabet `\mathfrak' in version `bold'
(Font)                  U/euf/m/n --> U/euf/b/n on input line 106.
))
(/usr/local/texlive/2025/texmf-dist/tex/latex/graphics/graphicx.sty
Package: graphicx 2021/09/16 v1.2d Enhanced LaTeX Graphics (DPC,SPQR)

(/usr/local/texlive/2025/texmf-dist/tex/latex/graphics/graphics.sty
Package: graphics 2024/08/06 v1.4g Standard LaTeX Graphics (DPC,SPQR)

(/usr/local/texlive/2025/texmf-dist/tex/latex/graphics/trig.sty
Package: trig 2023/12/02 v1.11 sin cos tan (DPC)
)
(/usr/local/texlive/2025/texmf-dist/tex/latex/graphics-cfg/graphics.cfg
File: graphics.cfg 2016/06/04 v1.11 sample graphics configuration
)
Package graphics Info: Driver file: pdftex.def on input line 106.

(/usr/local/texlive/2025/texmf-dist/tex/latex/graphics-def/pdftex.def
File: pdftex.def 2024/04/13 v1.2c Graphics/color driver for pdftex
))
\Gin@req@height=\dimen159
\Gin@req@width=\dimen160
)
(/usr/local/texlive/2025/texmf-dist/tex/latex/booktabs/booktabs.sty
Package: booktabs 2020/01/12 v1.61803398 Publication quality tables
\heavyrulewidth=\dimen161
\lightrulewidth=\dimen162
\cmidrulewidth=\dimen163
\belowrulesep=\dimen164
\belowbottomsep=\dimen165
\aboverulesep=\dimen166
\abovetopsep=\dimen167
\cmidrulesep=\dimen168
\cmidrulekern=\dimen169
\defaultaddspace=\dimen170
\@cmidla=\count285
\@cmidlb=\count286
\@aboverulesep=\dimen171
\@belowrulesep=\dimen172
\@thisruleclass=\count287
\@lastruleclass=\count288
\@thisrulewidth=\dimen173
)
(/usr/local/texlive/2025/texmf-dist/tex/latex/tools/longtable.sty
Package: longtable 2024-10-27 v4.22 Multi-page Table package (DPC)
\LTleft=\skip54
\LTright=\skip55
\LTpre=\skip56
\LTpost=\skip57
\LTchunksize=\count289
\LTcapwidth=\dimen174
\LT@head=\box54
\LT@firsthead=\box55
\LT@foot=\box56
\LT@lastfoot=\box57
\LT@gbox=\box58
\LT@cols=\count290
\LT@rows=\count291
\c@LT@tables=\count292
\c@LT@chunks=\count293
\LT@p@ftn=\toks24
)
(/usr/local/texlive/2025/texmf-dist/tex/latex/tools/array.sty
Package: array 2024/10/17 v2.6g Tabular extension package (FMi)
\col@sep=\dimen175
\ar@mcellbox=\box59
\extrarowheight=\dimen176
\NC@list=\toks25
\extratabsurround=\skip58
\backup@length=\skip59
\ar@cellbox=\box60
)
(/usr/local/texlive/2025/texmf-dist/tex/latex/hyperref/hyperref.sty
Package: hyperref 2024-11-05 v7.01l Hypertext links for LaTeX

(/usr/local/texlive/2025/texmf-dist/tex/latex/kvsetkeys/kvsetkeys.sty
Package: kvsetkeys 2022-10-05 v1.19 Key value parser (HO)
)
(/usr/local/texlive/2025/texmf-dist/tex/generic/kvdefinekeys/kvdefinekeys.sty
Package: kvdefinekeys 2019-12-19 v1.6 Define keys (HO)
)
(/usr/local/texlive/2025/texmf-dist/tex/generic/pdfescape/pdfescape.sty
Package: pdfescape 2019/12/09 v1.15 Implements pdfTeX's escape features (HO)

(/usr/local/texlive/2025/texmf-dist/tex/generic/ltxcmds/ltxcmds.sty
Package: ltxcmds 2023-12-04 v1.26 LaTeX kernel commands for general use (HO)
)
(/usr/local/texlive/2025/texmf-dist/tex/generic/pdftexcmds/pdftexcmds.sty
Package: pdftexcmds 2020-06-27 v0.33 Utility functions of pdfTeX for LuaTeX (HO
)

(/usr/local/texlive/2025/texmf-dist/tex/generic/infwarerr/infwarerr.sty
Package: infwarerr 2019/12/03 v1.5 Providing info/warning/error messages (HO)
)
Package pdftexcmds Info: \pdf@primitive is available.
Package pdftexcmds Info: \pdf@ifprimitive is available.
Package pdftexcmds Info: \pdfdraftmode found.
))
(/usr/local/texlive/2025/texmf-dist/tex/latex/hycolor/hycolor.sty
Package: hycolor 2020-01-27 v1.10 Color options for hyperref/bookmark (HO)
)
(/usr/local/texlive/2025/texmf-dist/tex/latex/hyperref/nameref.sty
Package: nameref 2023-11-26 v2.56 Cross-referencing by name of section

(/usr/local/texlive/2025/texmf-dist/tex/latex/refcount/refcount.sty
Package: refcount 2019/12/15 v3.6 Data extraction from label references (HO)
)
(/usr/local/texlive/2025/texmf-dist/tex/generic/gettitlestring/gettitlestring.s
ty
Package: gettitlestring 2019/12/15 v1.6 Cleanup title references (HO)
 (/usr/local/texlive/2025/texmf-dist/tex/latex/kvoptions/kvoptions.sty
Package: kvoptions 2022-06-15 v3.15 Key value format for package options (HO)
))
\c@section@level=\count294
)
(/usr/local/texlive/2025/texmf-dist/tex/latex/etoolbox/etoolbox.sty
Package: etoolbox 2025/02/11 v2.5l e-TeX tools for LaTeX (JAW)
\etb@tempcnta=\count295
)
(/usr/local/texlive/2025/texmf-dist/tex/generic/stringenc/stringenc.sty
Package: stringenc 2019/11/29 v1.12 Convert strings between diff. encodings (HO
)
)
\@linkdim=\dimen177
\Hy@linkcounter=\count296
\Hy@pagecounter=\count297

(/usr/local/texlive/2025/texmf-dist/tex/latex/hyperref/pd1enc.def
File: pd1enc.def 2024-11-05 v7.01l Hyperref: PDFDocEncoding definition (HO)
Now handling font encoding PD1 ...
... no UTF-8 mapping file for font encoding PD1
)
(/usr/local/texlive/2025/texmf-dist/tex/generic/intcalc/intcalc.sty
Package: intcalc 2019/12/15 v1.3 Expandable calculations with integers (HO)
)
\Hy@SavedSpaceFactor=\count298

(/usr/local/texlive/2025/texmf-dist/tex/latex/hyperref/puenc.def
File: puenc.def 2024-11-05 v7.01l Hyperref: PDF Unicode definition (HO)
Now handling font encoding PU ...
... no UTF-8 mapping file for font encoding PU
)
Package hyperref Info: Hyper figures OFF on input line 4157.
Package hyperref Info: Link nesting OFF on input line 4162.
Package hyperref Info: Hyper index ON on input line 4165.
Package hyperref Info: Plain pages OFF on input line 4172.
Package hyperref Info: Backreferencing OFF on input line 4177.
Package hyperref Info: Implicit mode ON; LaTeX internals redefined.
Package hyperref Info: Bookmarks ON on input line 4424.
\c@Hy@tempcnt=\count299

(/usr/local/texlive/2025/texmf-dist/tex/latex/url/url.sty
\Urlmuskip=\muskip18
Package: url 2013/09/16  ver 3.4  Verb mode for urls, etc.
)
LaTeX Info: Redefining \url on input line 4763.
\XeTeXLinkMargin=\dimen178

(/usr/local/texlive/2025/texmf-dist/tex/generic/bitset/bitset.sty
Package: bitset 2019/12/09 v1.3 Handle bit-vector datatype (HO)

(/usr/local/texlive/2025/texmf-dist/tex/generic/bigintcalc/bigintcalc.sty
Package: bigintcalc 2019/12/15 v1.5 Expandable calculations on big integers (HO
)
))
\Fld@menulength=\count300
\Field@Width=\dimen179
\Fld@charsize=\dimen180
Package hyperref Info: Hyper figures OFF on input line 6042.
Package hyperref Info: Link nesting OFF on input line 6047.
Package hyperref Info: Hyper index ON on input line 6050.
Package hyperref Info: backreferencing OFF on input line 6057.
Package hyperref Info: Link coloring OFF on input line 6062.
Package hyperref Info: Link coloring with OCG OFF on input line 6067.
Package hyperref Info: PDF/A mode OFF on input line 6072.

(/usr/local/texlive/2025/texmf-dist/tex/latex/base/atbegshi-ltx.sty
Package: atbegshi-ltx 2021/01/10 v1.0c Emulation of the original atbegshi
package with kernel methods
)
\Hy@abspage=\count301
\c@Item=\count302
\c@Hfootnote=\count303
)
Package hyperref Info: Driver (autodetected): hpdftex.

(/usr/local/texlive/2025/texmf-dist/tex/latex/hyperref/hpdftex.def
File: hpdftex.def 2024-11-05 v7.01l Hyperref driver for pdfTeX

(/usr/local/texlive/2025/texmf-dist/tex/latex/base/atveryend-ltx.sty
Package: atveryend-ltx 2020/08/19 v1.0a Emulation of the original atveryend pac
kage
with kernel methods
)
\Fld@listcount=\count304
\c@bookmark@seq@number=\count305

(/usr/local/texlive/2025/texmf-dist/tex/latex/rerunfilecheck/rerunfilecheck.sty
Package: rerunfilecheck 2022-07-10 v1.10 Rerun checks for auxiliary files (HO)

(/usr/local/texlive/2025/texmf-dist/tex/generic/uniquecounter/uniquecounter.sty
Package: uniquecounter 2019/12/15 v1.4 Provide unlimited unique counter (HO)
)
Package uniquecounter Info: New unique counter `rerunfilecheck' on input line 2
85.
)
\Hy@SectionHShift=\skip60
) (/usr/local/texlive/2025/texmf-dist/tex/latex/microtype/microtype.sty
Package: microtype 2025/02/11 v3.2a Micro-typographical refinements (RS)
\MT@toks=\toks26
\MT@tempbox=\box61
\MT@count=\count306
LaTeX Info: Redefining \noprotrusionifhmode on input line 1087.
LaTeX Info: Redefining \leftprotrusion on input line 1088.
\MT@prot@toks=\toks27
LaTeX Info: Redefining \rightprotrusion on input line 1107.
LaTeX Info: Redefining \textls on input line 1449.
\MT@outer@kern=\dimen181
LaTeX Info: Redefining \microtypecontext on input line 2053.
LaTeX Info: Redefining \textmicrotypecontext on input line 2070.
\MT@listname@count=\count307

(/usr/local/texlive/2025/texmf-dist/tex/latex/microtype/microtype-pdftex.def
File: microtype-pdftex.def 2025/02/11 v3.2a Definitions specific to pdftex (RS)

LaTeX Info: Redefining \lsstyle on input line 944.
LaTeX Info: Redefining \lslig on input line 944.
\MT@outer@space=\skip61
)
Package microtype Info: Loading configuration file microtype.cfg.

(/usr/local/texlive/2025/texmf-dist/tex/latex/microtype/microtype.cfg
File: microtype.cfg 2025/02/11 v3.2a microtype main configuration file (RS)
)
LaTeX Info: Redefining \microtypesetup on input line 3065.
)
(./tab_head.tex)
(/usr/local/texlive/2025/texmf-dist/tex/latex/l3backend/l3backend-pdftex.def
File: l3backend-pdftex.def 2024-05-08 L3 backend support: PDF output (pdfTeX)
\l__color_backend_stack_int=\count308
\l__pdf_internal_box=\box62
)
(./report.aux)
\openout1 = `report.aux'.

LaTeX Font Info:    Checking defaults for OML/cmm/m/it on input line 16.
LaTeX Font Info:    ... okay on input line 16.
LaTeX Font Info:    Checking defaults for OMS/cmsy/m/n on input line 16.
LaTeX Font Info:    ... okay on input line 16.
LaTeX Font Info:    Checking defaults for OT1/cmr/m/n on input line 16.
LaTeX Font Info:    ... okay on input line 16.
LaTeX Font Info:    Checking defaults for T1/cmr/m/n on input line 16.
LaTeX Font Info:    ... okay on input line 16.
LaTeX Font Info:    Checking defaults for TS1/cmr/m/n on input line 16.
LaTeX Font Info:    ... okay on input line 16.
LaTeX Font Info:    Checking defaults for OMX/cmex/m/n on input line 16.
LaTeX Font Info:    ... okay on input line 16.
LaTeX Font Info:    Checking defaults for U/cmr/m/n on input line 16.
LaTeX Font Info:    ... okay on input line 16.
LaTeX Font Info:    Checking defaults for PD1/pdf/m/n on input line 16.
LaTeX Font Info:    ... okay on input line 16.
LaTeX Font Info:    Checking defaults for PU/pdf/m/n on input line 16.
LaTeX Font Info:    ... okay on input line 16.

*geometry* driver: auto-detecting
*geometry* detected driver: pdftex
*geometry* verbose mode - [ preamble ] result:
* driver: pdftex
* paper: a4paper
* layout: <same size as paper>
* layoutoffset:(h,v)=(0.0pt,0.0pt)
* modes: 
* h-part:(L,W,R)=(62.59605pt, 472.31577pt, 62.59605pt)
* v-part:(T,H,B)=(62.59605pt, 719.85474pt, 62.59605pt)
* \paperwidth=597.50787pt
* \paperheight=845.04684pt
* \textwidth=472.31577pt
* \textheight=719.85474pt
* \oddsidemargin=-9.67393pt
* \evensidemargin=-9.67393pt
* \topmargin=-46.67393pt
* \headheight=12.0pt
* \headsep=25.0pt
* \topskip=11.0pt
* \footskip=30.0pt
* \marginparwidth=50.0pt
* \marginparsep=10.0pt
* \columnsep=10.0pt
* \skip\footins=10.0pt plus 4.0pt minus 2.0pt
* \hoffset=0.0pt
* \voffset=0.0pt
* \mag=1000
* \@twocolumnfalse
* \@twosidefalse
* \@mparswitchfalse
* \@reversemarginfalse
* (1in=72.27pt=25.4mm, 1cm=28.453pt)

(/usr/local/texlive/2025/texmf-dist/tex/context/base/mkii/supp-pdf.mkii
[Loading MPS to PDF converter (version 2006.09.02).]
\scratchcounter=\count309
\scratchdimen=\dimen182
\scratchbox=\box63
\nofMPsegments=\count310
\nofMParguments=\count311
\everyMPshowfont=\toks28
\MPscratchCnt=\count312
\MPscratchDim=\dimen183
\MPnumerator=\count313
\makeMPintoPDFobject=\count314
\everyMPtoPDFconversion=\toks29
) (/usr/local/texlive/2025/texmf-dist/tex/latex/epstopdf-pkg/epstopdf-base.sty
Package: epstopdf-base 2020-01-24 v2.11 Base part for package epstopdf
Package epstopdf-base Info: Redefining graphics rule for `.eps' on input line 4
85.

(/usr/local/texlive/2025/texmf-dist/tex/latex/latexconfig/epstopdf-sys.cfg
File: epstopdf-sys.cfg 2010/07/13 v1.3 Configuration of (r)epstopdf for TeX Liv
e
))
Package hyperref Info: Link coloring OFF on input line 16.

(./report.out) (./report.out)
\@outlinefile=\write3
\openout3 = `report.out'.

LaTeX Info: Redefining \microtypecontext on input line 16.
Package microtype Info: Applying patch `item' on input line 16.
Package microtype Info: Applying patch `toc' on input line 16.
Package microtype Info: Applying patch `eqnum' on input line 16.
Package microtype Info: Applying patch `footnote' on input line 16.
Package microtype Info: Applying patch `verbatim' on input line 16.
LaTeX Info: Redefining \microtypesetup on input line 16.
Package microtype Info: Generating PDF output.
Package microtype Info: Character protrusion enabled (level 2).
Package microtype Info: Using default protrusion set `alltext'.
Package microtype Info: Automatic font expansion enabled (level 2),
(microtype)             stretch: 20, shrink: 20, step: 1, non-selected.
Package microtype Info: Using default expansion set `alltext-nott'.
LaTeX Info: Redefining \showhyphens on input line 16.
Package microtype Info: No adjustment of tracking.
Package microtype Info: No adjustment of interword spacing.
Package microtype Info: No adjustment of character kerning.

(/usr/local/texlive/2025/texmf-dist/tex/latex/microtype/mt-cmr.cfg
File: mt-cmr.cfg 2013/05/19 v2.2 microtype config. file: Computer Modern Roman 
(RS)
)
LaTeX Font Info:    Trying to load font information for U+msa on input line 18.


(/usr/local/texlive/2025/texmf-dist/tex/latex/amsfonts/umsa.fd
File: umsa.fd 2013/01/14 v3.01 AMS symbols A
)
(/usr/local/texlive/2025/texmf-dist/tex/latex/microtype/mt-msa.cfg
File: mt-msa.cfg 2006/02/04 v1.1 microtype config. file: AMS symbols (a) (RS)
)
LaTeX Font Info:    Trying to load font information for U+msb on input line 18.


(/usr/local/texlive/2025/texmf-dist/tex/latex/amsfonts/umsb.fd
File: umsb.fd 2013/01/14 v3.01 AMS symbols B
)
(/usr/local/texlive/2025/texmf-dist/tex/latex/microtype/mt-msb.cfg
File: mt-msb.cfg 2005/06/01 v1.0 microtype config. file: AMS symbols (b) (RS)
)
Package microtype Info: Loading generic protrusion settings for font family
(microtype)             `cmtt' (encoding: OT1).
(microtype)             For optimal results, create family-specific settings.
(microtype)             See the microtype manual for details.


[1

{/usr/local/texlive/2025/texmf-var/fonts/map/pdftex/updmap/pdftex.map}]
Overfull \hbox (30.09491pt too wide) detected at line 117
[]
 []

(./tab_sets.tex)

[2] (./tab_norms.tex)

[3] (./tab_blocks.tex) (./tab_other.tex)

[4]

[5]

[6]
<figs/00_chi2_summary.png, id=138, 722.7pt x 332.442pt>
File: figs/00_chi2_summary.png Graphic file (type png)
<use figs/00_chi2_summary.png>
Package pdftex.def Info: figs/00_chi2_summary.png  used on input line 415.
(pdftex.def)             Requested size: 472.31577pt x 217.26666pt.
<figs/02_clas6_pi0_in_U.png, id=140, 1192.455pt x 805.53253pt>
File: figs/02_clas6_pi0_in_U.png Graphic file (type png)
<use figs/02_clas6_pi0_in_U.png>
Package pdftex.def Info: figs/02_clas6_pi0_in_U.png  used on input line 420.
(pdftex.def)             Requested size: 472.31577pt x 319.0607pt.
<figs/02_clas6_pi0_in_LT.png, id=141, 1192.455pt x 805.53253pt>
File: figs/02_clas6_pi0_in_LT.png Graphic file (type png)
<use figs/02_clas6_pi0_in_LT.png>
Package pdftex.def Info: figs/02_clas6_pi0_in_LT.png  used on input line 426.
(pdftex.def)             Requested size: 472.31577pt x 319.0607pt.
<figs/02_clas6_pi0_in_TT.png, id=142, 1192.455pt x 805.53253pt>
File: figs/02_clas6_pi0_in_TT.png Graphic file (type png)
<use figs/02_clas6_pi0_in_TT.png>
Package pdftex.def Info: figs/02_clas6_pi0_in_TT.png  used on input line 431.
(pdftex.def)             Requested size: 472.31577pt x 319.0607pt.
<figs/03_clas6_eta_in_U.png, id=143, 1192.455pt x 805.53253pt>
File: figs/03_clas6_eta_in_U.png Graphic file (type png)
<use figs/03_clas6_eta_in_U.png>
Package pdftex.def Info: figs/03_clas6_eta_in_U.png  used on input line 436.
(pdftex.def)             Requested size: 472.31577pt x 319.0607pt.
<figs/03_clas6_eta_in_LT.png, id=144, 1192.455pt x 805.53253pt>
File: figs/03_clas6_eta_in_LT.png Graphic file (type png)
<use figs/03_clas6_eta_in_LT.png>
Package pdftex.def Info: figs/03_clas6_eta_in_LT.png  used on input line 441.
(pdftex.def)             Requested size: 472.31577pt x 319.0607pt.
<figs/03_clas6_eta_in_TT.png, id=145, 1192.455pt x 805.53253pt>
File: figs/03_clas6_eta_in_TT.png Graphic file (type png)
<use figs/03_clas6_eta_in_TT.png>
Package pdftex.def Info: figs/03_clas6_eta_in_TT.png  used on input line 446.
(pdftex.def)             Requested size: 472.31577pt x 319.0607pt.
<figs/04_halla_n_in_T.png, id=146, 650.43pt x 241.82654pt>
File: figs/04_halla_n_in_T.png Graphic file (type png)
<use figs/04_halla_n_in_T.png>
Package pdftex.def Info: figs/04_halla_n_in_T.png  used on input line 451.
(pdftex.def)             Requested size: 340.06792pt x 126.43684pt.
<figs/04_halla_n_in_LT.png, id=147, 650.43pt x 241.82654pt>
File: figs/04_halla_n_in_LT.png Graphic file (type png)
<use figs/04_halla_n_in_LT.png>
Package pdftex.def Info: figs/04_halla_n_in_LT.png  used on input line 452.
(pdftex.def)             Requested size: 340.06792pt x 126.43684pt.
<figs/04_halla_n_in_TT.png, id=148, 650.43pt x 241.82654pt>
File: figs/04_halla_n_in_TT.png Graphic file (type png)
<use figs/04_halla_n_in_TT.png>
Package pdftex.def Info: figs/04_halla_n_in_TT.png  used on input line 459.
(pdftex.def)             Requested size: 340.06792pt x 126.43684pt.
<figs/05_halla_y16_in_T.png, id=149, 650.43pt x 429.72853pt>
File: figs/05_halla_y16_in_T.png Graphic file (type png)
<use figs/05_halla_y16_in_T.png>
Package pdftex.def Info: figs/05_halla_y16_in_T.png  used on input line 460.
(pdftex.def)             Requested size: 340.06792pt x 224.67975pt.
<figs/05_halla_y16_in_LT.png, id=150, 650.43pt x 429.72853pt>
File: figs/05_halla_y16_in_LT.png Graphic file (type png)
<use figs/05_halla_y16_in_LT.png>
Package pdftex.def Info: figs/05_halla_y16_in_LT.png  used on input line 467.
(pdftex.def)             Requested size: 340.06792pt x 224.67975pt.
<figs/05_halla_y16_in_TT.png, id=151, 650.43pt x 429.72853pt>
File: figs/05_halla_y16_in_TT.png Graphic file (type png)
<use figs/05_halla_y16_in_TT.png>
Package pdftex.def Info: figs/05_halla_y16_in_TT.png  used on input line 468.
(pdftex.def)             Requested size: 340.06792pt x 224.67975pt.
<figs/06_halla_y11_in_U.png, id=152, 650.43pt x 429.72853pt>
File: figs/06_halla_y11_in_U.png Graphic file (type png)
<use figs/06_halla_y11_in_U.png>
Package pdftex.def Info: figs/06_halla_y11_in_U.png  used on input line 473.
(pdftex.def)             Requested size: 472.31577pt x 312.05994pt.
<figs/06_halla_y11_in_LT.png, id=153, 650.43pt x 429.72853pt>
File: figs/06_halla_y11_in_LT.png Graphic file (type png)
<use figs/06_halla_y11_in_LT.png>
Package pdftex.def Info: figs/06_halla_y11_in_LT.png  used on input line 480.
(pdftex.def)             Requested size: 340.06792pt x 224.67975pt.
<figs/06_halla_y11_in_TT.png, id=154, 650.43pt x 429.72853pt>
File: figs/06_halla_y11_in_TT.png Graphic file (type png)
<use figs/06_halla_y11_in_TT.png>
Package pdftex.def Info: figs/06_halla_y11_in_TT.png  used on input line 481.
(pdftex.def)             Requested size: 340.06792pt x 224.67975pt.
<figs/06_halla_y11_in_LTp.png, id=155, 650.43pt x 429.72853pt>
File: figs/06_halla_y11_in_LTp.png Graphic file (type png)
<use figs/06_halla_y11_in_LTp.png>
Package pdftex.def Info: figs/06_halla_y11_in_LTp.png  used on input line 486.
(pdftex.def)             Requested size: 472.31577pt x 312.05994pt.
<figs/07_halla_y21_in_U.png, id=156, 714.91708pt x 617.63054pt>
File: figs/07_halla_y21_in_U.png Graphic file (type png)
<use figs/07_halla_y21_in_U.png>
Package pdftex.def Info: figs/07_halla_y21_in_U.png  used on input line 491.
(pdftex.def)             Requested size: 472.31577pt x 408.04266pt.
<figs/07_halla_y21_in_LT.png, id=157, 714.91708pt x 617.63054pt>
File: figs/07_halla_y21_in_LT.png Graphic file (type png)
<use figs/07_halla_y21_in_LT.png>
Package pdftex.def Info: figs/07_halla_y21_in_LT.png  used on input line 498.
(pdftex.def)             Requested size: 340.06792pt x 293.79222pt.
<figs/07_halla_y21_in_TT.png, id=158, 714.91708pt x 617.63054pt>
File: figs/07_halla_y21_in_TT.png Graphic file (type png)
<use figs/07_halla_y21_in_TT.png>
Package pdftex.def Info: figs/07_halla_y21_in_TT.png  used on input line 499.
(pdftex.def)             Requested size: 340.06792pt x 293.79222pt.
<figs/07_halla_y21_in_LTp.png, id=159, 714.91708pt x 617.63054pt>
File: figs/07_halla_y21_in_LTp.png Graphic file (type png)
<use figs/07_halla_y21_in_LTp.png>
Package pdftex.def Info: figs/07_halla_y21_in_LTp.png  used on input line 504.
(pdftex.def)             Requested size: 472.31577pt x 408.04266pt.
<figs/08_clas12_xs_out_U.png, id=160, 1430.39008pt x 993.43454pt>
File: figs/08_clas12_xs_out_U.png Graphic file (type png)
<use figs/08_clas12_xs_out_U.png>
Package pdftex.def Info: figs/08_clas12_xs_out_U.png  used on input line 509.
(pdftex.def)             Requested size: 472.31577pt x 328.03146pt.
<figs/08_clas12_xs_out_LT.png, id=161, 1430.39008pt x 993.43454pt>
File: figs/08_clas12_xs_out_LT.png Graphic file (type png)
<use figs/08_clas12_xs_out_LT.png>
Package pdftex.def Info: figs/08_clas12_xs_out_LT.png  used on input line 515.
(pdftex.def)             Requested size: 472.31577pt x 328.03146pt.
<figs/08_clas12_xs_out_TT.png, id=162, 1430.39008pt x 993.43454pt>
File: figs/08_clas12_xs_out_TT.png Graphic file (type png)
<use figs/08_clas12_xs_out_TT.png>
Package pdftex.def Info: figs/08_clas12_xs_out_TT.png  used on input line 521.
(pdftex.def)             Requested size: 472.31577pt x 328.03146pt.
<figs/09_compass_in_U.png, id=163, 650.43pt x 429.72853pt>
File: figs/09_compass_in_U.png Graphic file (type png)
<use figs/09_compass_in_U.png>
Package pdftex.def Info: figs/09_compass_in_U.png  used on input line 526.
(pdftex.def)             Requested size: 340.06792pt x 224.67975pt.
<figs/09_compass_in_TT.png, id=164, 650.43pt x 429.72853pt>
File: figs/09_compass_in_TT.png Graphic file (type png)
<use figs/09_compass_in_TT.png>
Package pdftex.def Info: figs/09_compass_in_TT.png  used on input line 527.
(pdftex.def)             Requested size: 340.06792pt x 224.67975pt.
<figs/01_bsa_demasi_phi_in_A_phi.png, id=165, 1430.39008pt x 1932.94453pt>
File: figs/01_bsa_demasi_phi_in_A_phi.png Graphic file (type png)
<use figs/01_bsa_demasi_phi_in_A_phi.png>
Package pdftex.def Info: figs/01_bsa_demasi_phi_in_A_phi.png  used on input lin
e 535.
(pdftex.def)             Requested size: 472.31577pt x 638.25711pt.
<figs/10_bsa_demasi_out_A_LUsinphi.png, id=168, 1192.455pt x 617.63054pt>
File: figs/10_bsa_demasi_out_A_LUsinphi.png Graphic file (type png)
<use figs/10_bsa_demasi_out_A_LUsinphi.png>
Package pdftex.def Info: figs/10_bsa_demasi_out_A_LUsinphi.png  used on input l
ine 544.
(pdftex.def)             Requested size: 354.23682pt x 183.4717pt.
<figs/11_bsa_zhao_in_A_LUsinphi.png, id=169, 650.43pt x 429.72853pt>
File: figs/11_bsa_zhao_in_A_LUsinphi.png Graphic file (type png)
<use figs/11_bsa_zhao_in_A_LUsinphi.png>
Package pdftex.def Info: figs/11_bsa_zhao_in_A_LUsinphi.png  used on input line
 545.
(pdftex.def)             Requested size: 354.23682pt x 234.0433pt.
<figs/12_bsa_clas12_in_sigma_LTp_over_sigma_0.png, id=170, 953.964pt x 617.6305
4pt>
File: figs/12_bsa_clas12_in_sigma_LTp_over_sigma_0.png Graphic file (type png)
<use figs/12_bsa_clas12_in_sigma_LTp_over_sigma_0.png>
Package pdftex.def Info: figs/12_bsa_clas12_in_sigma_LTp_over_sigma_0.png  used
 on input line 552.
(pdftex.def)             Requested size: 472.31577pt x 305.79874pt.
<figs/13_eg1_in_ALLc.png, id=171, 650.43pt x 241.82654pt>
File: figs/13_eg1_in_ALLc.png Graphic file (type png)
<use figs/13_eg1_in_ALLc.png>
Package pdftex.def Info: figs/13_eg1_in_ALLc.png  used on input line 557.
(pdftex.def)             Requested size: 340.06792pt x 126.43684pt.
<figs/13_eg1_in_ALLcos.png, id=172, 650.43pt x 241.82654pt>
File: figs/13_eg1_in_ALLcos.png Graphic file (type png)
<use figs/13_eg1_in_ALLcos.png>
Package pdftex.def Info: figs/13_eg1_in_ALLcos.png  used on input line 558.
(pdftex.def)             Requested size: 340.06792pt x 126.43684pt.
<figs/13_eg1_in_AULsin.png, id=173, 650.43pt x 241.82654pt>
File: figs/13_eg1_in_AULsin.png Graphic file (type png)
<use figs/13_eg1_in_AULsin.png>
Package pdftex.def Info: figs/13_eg1_in_AULsin.png  used on input line 565.
(pdftex.def)             Requested size: 340.06792pt x 126.43684pt.
<figs/13_eg1_in_AULsin2.png, id=174, 650.43pt x 241.82654pt>
File: figs/13_eg1_in_AULsin2.png Graphic file (type png)
<use figs/13_eg1_in_AULsin2.png>
Package pdftex.def Info: figs/13_eg1_in_AULsin2.png  used on input line 566.
(pdftex.def)             Requested size: 340.06792pt x 126.43684pt.


[7

]

[8 <./figs/00_chi2_summary.png> <./figs/02_clas6_pi0_in_U.png>]

[9 <./figs/02_clas6_pi0_in_LT.png> <./figs/02_clas6_pi0_in_TT.png>]

[10 <./figs/03_clas6_eta_in_U.png> <./figs/03_clas6_eta_in_LT.png>]

[11 <./figs/03_clas6_eta_in_TT.png> <./figs/04_halla_n_in_T.png> <./figs/04_hal
la_n_in_LT.png>]

[12 <./figs/04_halla_n_in_TT.png> <./figs/05_halla_y16_in_T.png>]

[13 <./figs/05_halla_y16_in_LT.png> <./figs/05_halla_y16_in_TT.png>]

[14 <./figs/06_halla_y11_in_U.png>]

[15 <./figs/06_halla_y11_in_LT.png> <./figs/06_halla_y11_in_TT.png>]

[16 <./figs/06_halla_y11_in_LTp.png>]

[17 <./figs/07_halla_y21_in_U.png>]

[18 <./figs/07_halla_y21_in_LT.png> <./figs/07_halla_y21_in_TT.png>]

[19 <./figs/07_halla_y21_in_LTp.png>]

[20 <./figs/08_clas12_xs_out_U.png>]

[21 <./figs/08_clas12_xs_out_LT.png>]

[22 <./figs/08_clas12_xs_out_TT.png>]

[23 <./figs/09_compass_in_U.png> <./figs/09_compass_in_TT.png>]

[24 <./figs/01_bsa_demasi_phi_in_A_phi.png>]

[25 <./figs/10_bsa_demasi_out_A_LUsinphi.png> <./figs/11_bsa_zhao_in_A_LUsinphi
.png>]

[26 <./figs/12_bsa_clas12_in_sigma_LTp_over_sigma_0.png> <./figs/13_eg1_in_ALLc
.png> <./figs/13_eg1_in_ALLcos.png>]

[27 <./figs/13_eg1_in_AULsin.png> <./figs/13_eg1_in_AULsin2.png>]
Overfull \hbox (22.09021pt too wide) in paragraph at lines 573--581
\OT1/cmr/m/n/10.95 (-20) hand. The data are \OT1/cmtt/m/n/10.95 pi0[]eta[]datab
ase.xlsx\OT1/cmr/m/n/10.95 (-20) , md5 \OT1/cmtt/m/n/10.95 04c3adf9d6e6b8d2b1b3
729f4ff79d1d\OT1/cmr/m/n/10.95 (-20) ; \OT1/cmtt/m/n/10.95 export[]db.py
 []



[28

] (./report.aux)
 ***********
LaTeX2e <2024-11-01> patch level 2
L3 programming layer <2025-01-18>
 ***********
Package rerunfilecheck Info: File `report.out' has not changed.
(rerunfilecheck)             Checksum: 8F1E4C29739E3B20044ACE7773F7FEF2;2236.
 ) 
Here is how much of TeX's memory you used:
 12981 strings out of 473190
 205364 string characters out of 5715801
 647945 words of memory out of 5000000
 35847 multiletter control sequences out of 15000+600000
 575007 words of font info for 154 fonts, out of 8000000 for 9000
 1141 hyphenation exceptions out of 8191
 75i,11n,79p,1003b,456s stack positions out of 10000i,1000n,20000p,200000b,200000s
</usr/local/texlive/2025/texmf-dist/fonts/type1/public/amsfonts/cm/cmbx10.pfb
></usr/local/texlive/2025/texmf-dist/fonts/type1/public/amsfonts/cm/cmbx12.pfb>
</usr/local/texlive/2025/texmf-dist/fonts/type1/public/amsfonts/cm/cmcsc10.pfb>
</usr/local/texlive/2025/texmf-dist/fonts/type1/public/amsfonts/cm/cmex10.pfb><
/usr/local/texlive/2025/texmf-dist/fonts/type1/public/amsfonts/cm/cmmi10.pfb></
usr/local/texlive/2025/texmf-dist/fonts/type1/public/amsfonts/cm/cmmi12.pfb></u
sr/local/texlive/2025/texmf-dist/fonts/type1/public/amsfonts/cm/cmmi5.pfb></usr
/local/texlive/2025/texmf-dist/fonts/type1/public/amsfonts/cm/cmmi6.pfb></usr/l
ocal/texlive/2025/texmf-dist/fonts/type1/public/amsfonts/cm/cmmi7.pfb></usr/loc
al/texlive/2025/texmf-dist/fonts/type1/public/amsfonts/cm/cmmi8.pfb></usr/local
/texlive/2025/texmf-dist/fonts/type1/public/amsfonts/cm/cmr10.pfb></usr/local/t
exlive/2025/texmf-dist/fonts/type1/public/amsfonts/cm/cmr12.pfb></usr/local/tex
live/2025/texmf-dist/fonts/type1/public/amsfonts/cm/cmr17.pfb></usr/local/texli
ve/2025/texmf-dist/fonts/type1/public/amsfonts/cm/cmr7.pfb></usr/local/texlive/
2025/texmf-dist/fonts/type1/public/amsfonts/cm/cmr8.pfb></usr/local/texlive/202
5/texmf-dist/fonts/type1/public/amsfonts/cm/cmsy10.pfb></usr/local/texlive/2025
/texmf-dist/fonts/type1/public/amsfonts/cm/cmsy5.pfb></usr/local/texlive/2025/t
exmf-dist/fonts/type1/public/amsfonts/cm/cmsy6.pfb></usr/local/texlive/2025/tex
mf-dist/fonts/type1/public/amsfonts/cm/cmsy7.pfb></usr/local/texlive/2025/texmf
-dist/fonts/type1/public/amsfonts/cm/cmsy8.pfb></usr/local/texlive/2025/texmf-d
ist/fonts/type1/public/amsfonts/cm/cmti10.pfb></usr/local/texlive/2025/texmf-di
st/fonts/type1/public/amsfonts/cm/cmtt10.pfb></usr/local/texlive/2025/texmf-dis
t/fonts/type1/public/amsfonts/cm/cmtt12.pfb>
Output written on report.pdf (28 pages, 4247874 bytes).
PDF statistics:
 448 PDF objects out of 1000 (max. 8388607)
 300 compressed objects within 3 object streams
 91 named destinations out of 1000 (max. 500000)
 32539 words of extra memory for PDF output out of 35830 (max. 10000000)

