=== PREDICTION for CLAS12 BSA (not in the fit) ===
chi2 = 39.9/30
  Q2=4.65 xB=0.37 t=0.36: data +0.183+-0.049  model +0.113  pull +1.4
  Q2=4.65 xB=0.37 t=0.49: data +0.133+-0.052  model +0.121  pull +0.2
  Q2=4.65 xB=0.37 t=0.65: data +0.042+-0.043  model +0.124  pull -1.9
  Q2=4.65 xB=0.37 t=0.81: data +0.085+-0.048  model +0.122  pull -0.8
  Q2=4.65 xB=0.37 t=1.36: data +0.106+-0.041  model +0.087  pull +0.5
  Q2=4.65 xB=0.37 t=1.45: data +0.135+-0.039  model +0.079  pull +1.4
  Q2=2.58 xB=0.29 t=0.33: data +0.134+-0.040  model +0.076  pull +1.4
  Q2=2.58 xB=0.29 t=0.48: data +0.126+-0.033  model +0.080  pull +1.4
  Q2=2.58 xB=0.29 t=0.63: data +0.123+-0.035  model +0.080  pull +1.2
  Q2=2.58 xB=0.29 t=0.83: data +0.083+-0.032  model +0.075  pull +0.3
  Q2=2.58 xB=0.29 t=1.34: data +0.048+-0.041  model +0.049  pull -0.0
  Q2=2.58 xB=0.29 t=1.47: data +0.061+-0.030  model +0.041  pull +0.7
  Q2=4.14 xB=0.51 t=0.51: data +0.040+-0.037  model +0.069  pull -0.8
  Q2=4.14 xB=0.51 t=0.56: data +0.095+-0.040  model +0.077  pull +0.5
  Q2=4.14 xB=0.51 t=0.79: data +0.097+-0.031  model +0.087  pull +0.3
  Q2=4.14 xB=0.51 t=0.88: data +0.104+-0.034  model +0.087  pull +0.5
  Q2=4.14 xB=0.51 t=1.36: data +0.161+-0.031  model +0.069  pull +3.0
  Q2=4.14 xB=0.51 t=1.45: data +0.078+-0.033  model +0.064  pull +0.4
  Q2=3.02 xB=0.39 t=0.34: data +0.055+-0.030  model +0.067  pull -0.4
  Q2=3.02 xB=0.39 t=0.47: data +0.069+-0.031  model +0.076  pull -0.2
  Q2=3.02 xB=0.39 t=0.62: data +0.130+-0.024  model +0.079  pull +2.1
  Q2=3.02 xB=0.39 t=0.76: data +0.121+-0.030  model +0.079  pull +1.4
  Q2=3.02 xB=0.39 t=1.27: data +0.092+-0.036  model +0.062  pull +0.8
  Q2=3.02 xB=0.39 t=1.32: data +0.116+-0.028  model +0.059  pull +2.0
  Q2=6.64 xB=0.56 t=0.64: data +0.089+-0.044  model +0.089  pull -0.0
  Q2=6.64 xB=0.56 t=0.73: data +0.115+-0.052  model +0.110  pull +0.1
  Q2=6.64 xB=0.56 t=1.04: data +0.130+-0.040  model +0.119  pull +0.3
  Q2=6.64 xB=0.56 t=1.15: data +0.176+-0.047  model +0.115  pull +1.3
  Q2=6.64 xB=0.56 t=1.60: data +0.099+-0.037  model +0.081  pull +0.5
  Q2=6.64 xB=0.56 t=1.65: data +0.021+-0.044  model +0.077  pull -1.2

=== REFIT WITH CLAS12 ===  726 pts, 27 par: chi2/ndf = 1082.3/699 = 1.548
        pi0:   530.4/354
        eta:   199.9/228
    bsa_pi0:   245.7/62
    bsa_eta:     3.1/12
    bsa_c12:    40.2/30
        eg1:    63.0/40

sigma_L/sigma_T at (1.94,0.25,0.4): 0.0556 -> 0.0553
L_N 26.08->25.75   rho_nf 0.912->0.918   delta0 2.100->1.984
