De Masi: 56 of 62 points are above threshold
=== 02_no_clas12xs: chi2/ndf = 3.7581 (3404.9/906)
   fit    clas6_pi0:     650.0/288     2.26
   fit    clas6_eta:     394.6/207     1.91
   fit      halla_n:      19.0/12      1.58
   fit    halla_y16:      86.1/21      4.10
   fit    halla_y11:     212.7/112     1.90
   fit    halla_y21:     608.0/144     4.22
          clas12_xs:    3668.4/438     8.38
   fit      compass:    1061.9/10    106.19
   fit   bsa_demasi:     145.3/56      2.59
   fit     bsa_zhao:       4.8/12      0.40
   fit   bsa_clas12:      79.1/30      2.64
   fit          eg1:     143.4/40      3.59
   01_clas6_pi0_in_U.png                            chi2    262.3/96
   01_clas6_pi0_in_LT.png                           chi2    191.2/96
   01_clas6_pi0_in_TT.png                           chi2    196.6/96
   02_clas6_eta_in_U.png                            chi2    269.9/69
   02_clas6_eta_in_LT.png                           chi2     47.4/69
   02_clas6_eta_in_TT.png                           chi2     77.3/69
   03_halla_n_in_T.png                              chi2      4.7/4
   03_halla_n_in_LT.png                             chi2     10.1/4
   03_halla_n_in_TT.png                             chi2      4.2/4
   04_halla_y16_in_T.png                            chi2     21.7/7
   04_halla_y16_in_LT.png                           chi2     31.9/7
   04_halla_y16_in_TT.png                           chi2     32.5/7
   05_halla_y11_in_U.png                            chi2     69.8/28
   05_halla_y11_in_LT.png                           chi2     61.2/28
   05_halla_y11_in_TT.png                           chi2     46.9/28
   05_halla_y11_in_LTp.png                          chi2     34.8/28
   06_halla_y21_in_U.png                            chi2    245.6/36
   06_halla_y21_in_LT.png                           chi2     90.7/36
   06_halla_y21_in_TT.png                           chi2    219.6/36
   06_halla_y21_in_LTp.png                          chi2     52.2/36
   07_clas12_xs_out_U.png                           chi2    673.0/146
   07_clas12_xs_out_LT.png                          chi2   2457.7/146
   07_clas12_xs_out_TT.png                          chi2    537.8/146
   08_compass_in_U.png                              chi2    936.4/5
   08_compass_in_TT.png                             chi2    125.5/5
   09_bsa_demasi_in_A_LU^sinphi.png                 chi2    145.3/56
   10_bsa_zhao_in_A_LU^sinphi.png                   chi2      4.8/12
   11_bsa_clas12_in_sigma_LTp_over_sigma_0.png      chi2     79.1/30
   12_eg1_in_AULsin.png                             chi2     31.7/10
   12_eg1_in_AULsin2.png                            chi2     10.5/10
   12_eg1_in_ALLc.png                               chi2     44.5/10
   12_eg1_in_ALLcos.png                             chi2     56.6/10
plots -> runs/02_no_clas12xs/plots
