De Masi: 56 of 62 points are above threshold
=== 51_drop_clas6_pi0: chi2/ndf = 1.5220 (707.7/465)
          clas6_pi0:     822.7/288     2.86
   fit    clas6_eta:     213.5/207     1.03
   fit      halla_n:      29.9/12      2.49
   fit    halla_y16:      64.7/21      3.08
   fit    halla_y11:     152.0/112     1.36
          halla_y21:    1147.8/144     7.97
          clas12_xs:    3764.0/438     8.59
            compass:    5986.8/10    598.68
   fit   bsa_demasi:     125.1/56      2.23
   fit     bsa_zhao:       5.7/12      0.47
   fit   bsa_clas12:      63.4/30      2.11
   fit          eg1:      53.5/40      1.34
   01_clas6_pi0_out_U.png                           chi2    456.9/96
   01_clas6_pi0_out_LT.png                          chi2    200.2/96
   01_clas6_pi0_out_TT.png                          chi2    165.6/96
   02_clas6_eta_in_U.png                            chi2    100.7/69
   02_clas6_eta_in_LT.png                           chi2     45.6/69
   02_clas6_eta_in_TT.png                           chi2     67.1/69
   03_halla_n_in_T.png                              chi2      0.8/4
   03_halla_n_in_LT.png                             chi2     10.7/4
   03_halla_n_in_TT.png                             chi2     18.5/4
   04_halla_y16_in_T.png                            chi2     23.5/7
   04_halla_y16_in_LT.png                           chi2     31.2/7
   04_halla_y16_in_TT.png                           chi2     10.0/7
   05_halla_y11_in_U.png                            chi2     34.6/28
   05_halla_y11_in_LT.png                           chi2     58.0/28
   05_halla_y11_in_TT.png                           chi2     29.5/28
   05_halla_y11_in_LTp.png                          chi2     29.9/28
   06_halla_y21_out_U.png                           chi2    872.7/36
   06_halla_y21_out_LT.png                          chi2     95.7/36
   06_halla_y21_out_TT.png                          chi2    127.3/36
   06_halla_y21_out_LTp.png                         chi2     52.2/36
   07_clas12_xs_out_U.png                           chi2    685.9/146
   07_clas12_xs_out_LT.png                          chi2   2256.9/146
   07_clas12_xs_out_TT.png                          chi2    821.2/146
   08_compass_out_U.png                             chi2   5152.8/5
   08_compass_out_TT.png                            chi2    833.9/5
   09_bsa_demasi_in_A_LU^sinphi.png                 chi2    125.1/56
   10_bsa_zhao_in_A_LU^sinphi.png                   chi2      5.7/12
   11_bsa_clas12_in_sigma_LTp_over_sigma_0.png      chi2     63.4/30
   12_eg1_in_AULsin.png                             chi2     18.9/10
   12_eg1_in_AULsin2.png                            chi2      4.4/10
   12_eg1_in_ALLc.png                               chi2     17.2/10
   12_eg1_in_ALLcos.png                             chi2     13.1/10
plots -> runs/51_drop_clas6_pi0/plots
