De Masi: 56 of 62 points are above threshold
=== 52_drop_clas6_eta: chi2/ndf = 1.7928 (978.9/546)
   fit    clas6_pi0:     439.8/288     1.53
          clas6_eta:     265.0/207     1.28
   fit      halla_n:      34.5/12      2.87
   fit    halla_y16:      80.7/21      3.84
   fit    halla_y11:     173.0/112     1.54
          halla_y21:    2012.9/144    13.98
          clas12_xs:    2456.2/438     5.61
            compass:    5528.2/10    552.82
   fit   bsa_demasi:     126.8/56      2.26
   fit     bsa_zhao:       4.0/12      0.34
   fit   bsa_clas12:      62.4/30      2.08
   fit          eg1:      57.7/40      1.44
   01_clas6_pi0_in_U.png                            chi2    131.0/96
   01_clas6_pi0_in_LT.png                           chi2    180.3/96
   01_clas6_pi0_in_TT.png                           chi2    128.6/96
   02_clas6_eta_out_U.png                           chi2    141.1/69
   02_clas6_eta_out_LT.png                          chi2     55.7/69
   02_clas6_eta_out_TT.png                          chi2     68.3/69
   03_halla_n_in_T.png                              chi2      0.8/4
   03_halla_n_in_LT.png                             chi2     10.5/4
   03_halla_n_in_TT.png                             chi2     23.2/4
   04_halla_y16_in_T.png                            chi2     29.2/7
   04_halla_y16_in_LT.png                           chi2     30.3/7
   04_halla_y16_in_TT.png                           chi2     21.3/7
   05_halla_y11_in_U.png                            chi2     38.0/28
   05_halla_y11_in_LT.png                           chi2     65.1/28
   05_halla_y11_in_TT.png                           chi2     39.1/28
   05_halla_y11_in_LTp.png                          chi2     30.9/28
   06_halla_y21_out_U.png                           chi2   1751.0/36
   06_halla_y21_out_LT.png                          chi2     97.6/36
   06_halla_y21_out_TT.png                          chi2    107.1/36
   06_halla_y21_out_LTp.png                         chi2     57.2/36
   07_clas12_xs_out_U.png                           chi2    366.5/146
   07_clas12_xs_out_LT.png                          chi2   1500.8/146
   07_clas12_xs_out_TT.png                          chi2    588.9/146
   08_compass_out_U.png                             chi2   4651.9/5
   08_compass_out_TT.png                            chi2    876.3/5
   09_bsa_demasi_in_A_LU^sinphi.png                 chi2    126.8/56
   10_bsa_zhao_in_A_LU^sinphi.png                   chi2      4.0/12
   11_bsa_clas12_in_sigma_LTp_over_sigma_0.png      chi2     62.4/30
   12_eg1_in_AULsin.png                             chi2     20.7/10
   12_eg1_in_AULsin2.png                            chi2      5.1/10
   12_eg1_in_ALLc.png                               chi2     18.3/10
   12_eg1_in_ALLcos.png                             chi2     13.6/10
plots -> runs/52_drop_clas6_eta/plots
