replotted 00_baseline
replotted 01_all
replotted 02_no_clas12xs
replotted 03_drop_clas6_pi0
replotted 04_drop_clas6_eta
replotted 05_drop_halla_n
replotted 06_drop_halla_y16
replotted 07_drop_halla_y11
replotted 08_drop_halla_y21
replotted 09_drop_compass
replotted 10_drop_bsa_demasi
replotted 11_drop_bsa_zhao
replotted 12_drop_bsa_clas12
replotted 13_drop_eg1
replotted 20_base
replotted 21_drop_clas6_pi0
replotted 22_drop_clas6_eta
replotted 23_drop_halla_n
replotted 24_drop_halla_y16
replotted 25_drop_halla_y11
replotted 26_drop_halla_y21
replotted 27_drop_bsa_demasi
replotted 28_drop_bsa_zhao
replotted 29_drop_bsa_clas12
replotted 30_drop_eg1
REPLOT DONE
