De Masi: 56 of 62 points are above threshold
=== 74_drop_halla_y16: chi2/ndf = 1.1809 (1628.5/1379)
   fit    clas6_pi0:     436.4/288     1.52
   fit    clas6_eta:     216.5/207     1.05
   fit      halla_n:      27.5/12      2.29
          halla_y16:      89.8/21      4.28
   fit    halla_y11:     159.1/112     1.42
          halla_y21:    2128.5/144    14.78
          clas12_xs:    2780.3/438     6.35
            compass:     116.4/26      4.48
         bsa_demasi:     194.6/56      3.48
   fit     bsa_zhao:      14.6/12      1.22
   fit   bsa_clas12:      35.6/30      1.19
   fit bsa_demasi_phi:     685.2/703     0.97
   fit          eg1:      53.5/40      1.34
   01_bsa_demasi_phi_in_A_phi.png                   chi2    685.2/703
   02_clas6_pi0_in_U.png                            chi2    125.3/96
   02_clas6_pi0_in_LT.png                           chi2    179.3/96
   02_clas6_pi0_in_TT.png                           chi2    131.8/96
   03_clas6_eta_in_U.png                            chi2    102.9/69
   03_clas6_eta_in_LT.png                           chi2     46.0/69
   03_clas6_eta_in_TT.png                           chi2     67.6/69
   04_halla_n_in_T.png                              chi2      0.8/4
   04_halla_n_in_LT.png                             chi2     10.4/4
   04_halla_n_in_TT.png                             chi2     16.3/4
   05_halla_y16_out_T.png                           chi2     30.0/7
   05_halla_y16_out_LT.png                          chi2     30.6/7
   05_halla_y16_out_TT.png                          chi2     29.2/7
   06_halla_y11_in_U.png                            chi2     39.6/28
   06_halla_y11_in_LT.png                           chi2     55.0/28
   06_halla_y11_in_TT.png                           chi2     49.0/28
   06_halla_y11_in_LTp.png                          chi2     15.5/28
   07_halla_y21_out_U.png                           chi2   1859.2/36
   07_halla_y21_out_LT.png                          chi2    111.1/36
   07_halla_y21_out_TT.png                          chi2    101.8/36
   07_halla_y21_out_LTp.png                         chi2     56.5/36
   08_clas12_xs_out_U.png                           chi2    391.0/146
   08_clas12_xs_out_LT.png                          chi2   1839.1/146
   08_clas12_xs_out_TT.png                          chi2    550.2/146
   09_compass_out_U.png                             chi2     74.1/13
   09_compass_out_TT.png                            chi2     42.3/13
   10_bsa_demasi_out_A_LU^sinphi.png                chi2    194.6/56
   11_bsa_zhao_in_A_LU^sinphi.png                   chi2     14.6/12
   12_bsa_clas12_in_sigma_LTp_over_sigma_0.png      chi2     35.6/30
   13_eg1_in_AULsin.png                             chi2     13.7/10
   13_eg1_in_AULsin2.png                            chi2      5.8/10
   13_eg1_in_ALLc.png                               chi2     15.9/10
   13_eg1_in_ALLcos.png                             chi2     18.1/10
plots -> runs/74_drop_halla_y16/plots
