De Masi: 56 of 62 points are above threshold
=== 25_drop_halla_y11: chi2/ndf = 1.7833 (1398.1/784)
   fit    clas6_pi0:     448.6/288     1.56
   fit    clas6_eta:     212.5/207     1.03
   fit      halla_n:      30.5/12      2.54
   fit    halla_y16:      84.8/21      4.04
          halla_y11:     239.6/112     2.14
   fit    halla_y21:     354.8/144     2.46
          clas12_xs:    3343.1/438     7.63
            compass:    5887.6/10    588.76
   fit   bsa_demasi:     131.4/56      2.35
   fit     bsa_zhao:       4.1/12      0.34
   fit   bsa_clas12:      62.0/30      2.07
   fit          eg1:      69.4/40      1.74
   01_clas6_pi0_in_U.png                            chi2    143.5/96
   01_clas6_pi0_in_LT.png                           chi2    181.6/96
   01_clas6_pi0_in_TT.png                           chi2    123.5/96
   02_clas6_eta_in_U.png                            chi2     98.0/69
   02_clas6_eta_in_LT.png                           chi2     46.5/69
   02_clas6_eta_in_TT.png                           chi2     67.9/69
   03_halla_n_in_T.png                              chi2      0.8/4
   03_halla_n_in_LT.png                             chi2     10.5/4
   03_halla_n_in_TT.png                             chi2     19.2/4
   04_halla_y16_in_T.png                            chi2     25.6/7
   04_halla_y16_in_LT.png                           chi2     30.1/7
   04_halla_y16_in_TT.png                           chi2     29.1/7
   05_halla_y11_out_U.png                           chi2     95.8/28
   05_halla_y11_out_LT.png                          chi2     63.2/28
   05_halla_y11_out_TT.png                          chi2     46.7/28
   05_halla_y11_out_LTp.png                         chi2     33.9/28
   06_halla_y21_in_U.png                            chi2    119.2/36
   06_halla_y21_in_LT.png                           chi2     96.3/36
   06_halla_y21_in_TT.png                           chi2     89.2/36
   06_halla_y21_in_LTp.png                          chi2     50.1/36
   07_clas12_xs_out_U.png                           chi2    327.9/146
   07_clas12_xs_out_LT.png                          chi2   2526.9/146
   07_clas12_xs_out_TT.png                          chi2    488.3/146
   08_compass_out_U.png                             chi2   4829.3/5
   08_compass_out_TT.png                            chi2   1058.3/5
   09_bsa_demasi_in_A_LU^sinphi.png                 chi2    131.4/56
   10_bsa_zhao_in_A_LU^sinphi.png                   chi2      4.1/12
   11_bsa_clas12_in_sigma_LTp_over_sigma_0.png      chi2     62.0/30
   12_eg1_in_AULsin.png                             chi2     20.6/10
   12_eg1_in_AULsin2.png                            chi2      8.1/10
   12_eg1_in_ALLc.png                               chi2     20.9/10
   12_eg1_in_ALLcos.png                             chi2     19.7/10
plots -> runs/25_drop_halla_y11/plots
