  seed fitpar_amp2026s.npy        chi2+pen   1237.35
  seed fitpar_prior_none.npy      chi2+pen   1316.84
  seed fitpar_prior_halla.npy     chi2+pen   1316.84
  seed fitpar_tied.npy            chi2+pen   1280.07
  seed fitpar_amp2026_lx.npy      chi2+pen   1280.07

=== PLAIN FIT with db_ET = 0 === 726 pts, 25 par: chi2/ndf = 1237.4/701 = 1.7651   penalty 0.001
        pi0:   577.9/354
        eta:   228.1/228
    bsa_pi0:   269.2/62
    bsa_eta:     3.4/12
    bsa_c12:    37.9/30
        eg1:   120.9/40

   parameter        value      on a bound?
   HT_u N          22.6391
   HT_u b          -0.4286
   HT_u b'         -2.2376
   HT_u nQ          1.2301
   HT_d N          -5.0871
   HT_d b           0.9237
   HT_d b'          0.4016
   HT_d nQ        -12.0000  <-- ON THE BOUND
   ET_u N         116.4856
   ET_u b           0.7195
   ET_u b'         -0.7301
   ET_u nQ          1.0499
   ET_u b2          0.0000
   R_ET             0.0406  <-- ON THE BOUND
   db_ET            0.0000
   T00 N           22.8109  <-- ON THE BOUND
   T00 b            0.3118
   T00 nQ           1.3720
   R_L             -0.2242
   delta0           2.0663
   delta1           1.0798
   T00 b'          -0.0559
   rho_CE           0.3560
   phi_CE          -0.3869
   phi_w           -0.6754
   rho_nf           0.2745
   phi_nf           2.1928

   slopes: {'H_T^u': np.float64(2.67), 'H_T^d': np.float64(0.37), 'Ebar_T^u': np.float64(1.73), 'T00': np.float64(0.39), 'Ebar_T^d': np.float64(1.73)}
   R_HT -0.225   R_ET 0.041   sigma_TT(n)/sigma_TT(p) = 0.28   (Hall-A: 0.28 +- 0.07)
   sigma_L/sigma_T = 0.0746
