seed fitpar_amp2026_lx.npy, data/ = iteration-2, SMIN=0.0, WPEN=30.0

=== SEED (amp2026, unconstrained) ===  726 pts, 27 par: chi2/ndf = 1083.7/699 = 1.5504   (R_ET prior 3.96, slope penalty 737.717)
        pi0:   531.4/354
        eta:   199.9/228
    bsa_pi0:   245.9/62
    bsa_eta:     3.2/12
    bsa_c12:    40.2/30
        eg1:    63.1/40
        block        b  b_prime |    0.10    0.15    0.25    0.40    0.60
        H_T^u   -0.344   -1.134 |    2.27    1.81    1.23    0.70    0.24
        H_T^d   -0.883   -0.189 |   -0.45   -0.52   -0.62   -0.71   -0.79
     Ebar_T^u    1.762   -0.219 |    2.27    2.18    2.07    1.96    1.87
     Ebar_T^d    5.111   -0.219 |    5.61    5.53    5.41    5.31    5.22
          T00    0.906   -0.820 |    2.79    2.46    2.04    1.66    1.32
   R_HT(t=0) = -0.099   R_ET = 0.838 (pull +2.0)   db_ET = 3.349   sigma_L/sigma_T(1.94,0.25,0.4) = 0.0553
   start 0: chi2+pen = 1093.34  nfev=32
   start 1: chi2+pen = 1093.34  nfev=38
   start 2: chi2+pen = 1093.34  nfev=54

=== CONSTRAINED (slope > 0.0) ===  726 pts, 27 par: chi2/ndf = 1086.9/699 = 1.5549   (R_ET prior 6.40, slope penalty 0.048)
        pi0:   524.6/354
        eta:   207.0/228
    bsa_pi0:   246.2/62
    bsa_eta:     3.7/12
    bsa_c12:    39.9/30
        eg1:    65.5/40
        block        b  b_prime |    0.10    0.15    0.25    0.40    0.60
        H_T^u   -0.316   -1.128 |    2.28    1.82    1.25    0.72    0.26
        H_T^d   -0.006   -0.001 |   -0.00   -0.00   -0.01   -0.01   -0.01
     Ebar_T^u    1.761   -0.198 |    2.22    2.14    2.04    1.94    1.86
     Ebar_T^d    4.802   -0.198 |    5.26    5.18    5.08    4.98    4.90
          T00    0.929   -0.785 |    2.74    2.42    2.02    1.65    1.33
   R_HT(t=0) = -0.157   R_ET = 0.920 (pull +2.5)   db_ET = 3.041   sigma_L/sigma_T(1.94,0.25,0.4) = 0.0557

saved fitpar_slope.npy
