De Masi: 56 of 62 points are above threshold
=== 08_drop_halla_y21: chi2/ndf = 3.5092 (2674.0/762)
   fit    clas6_pi0:     714.5/288     2.48
   fit    clas6_eta:     383.4/207     1.85
   fit      halla_n:      18.3/12      1.52
   fit    halla_y16:      87.6/21      4.17
   fit    halla_y11:     197.2/112     1.76
          halla_y21:    5288.8/144    36.73
          clas12_xs:    3038.8/438     6.94
   fit      compass:     909.1/10     90.91
   fit   bsa_demasi:     157.8/56      2.82
   fit     bsa_zhao:       5.7/12      0.47
   fit   bsa_clas12:      76.7/30      2.56
   fit          eg1:     123.8/40      3.10
   01_clas6_pi0_in_U.png                            chi2    336.6/96
   01_clas6_pi0_in_LT.png                           chi2    189.4/96
   01_clas6_pi0_in_TT.png                           chi2    188.4/96
   02_clas6_eta_in_U.png                            chi2    256.3/69
   02_clas6_eta_in_LT.png                           chi2     46.9/69
   02_clas6_eta_in_TT.png                           chi2     80.2/69
   03_halla_n_in_T.png                              chi2      5.2/4
   03_halla_n_in_LT.png                             chi2      9.8/4
   03_halla_n_in_TT.png                             chi2      3.3/4
   04_halla_y16_in_T.png                            chi2     31.3/7
   04_halla_y16_in_LT.png                           chi2     34.0/7
   04_halla_y16_in_TT.png                           chi2     22.4/7
   05_halla_y11_in_U.png                            chi2     66.2/28
   05_halla_y11_in_LT.png                           chi2     64.4/28
   05_halla_y11_in_TT.png                           chi2     34.3/28
   05_halla_y11_in_LTp.png                          chi2     32.3/28
   06_halla_y21_out_U.png                           chi2   4934.3/36
   06_halla_y21_out_LT.png                          chi2    100.0/36
   06_halla_y21_out_TT.png                          chi2    202.6/36
   06_halla_y21_out_LTp.png                         chi2     51.9/36
   07_clas12_xs_out_U.png                           chi2    710.5/146
   07_clas12_xs_out_LT.png                          chi2   1828.1/146
   07_clas12_xs_out_TT.png                          chi2    500.2/146
   08_compass_in_U.png                              chi2    771.9/5
   08_compass_in_TT.png                             chi2    137.2/5
   09_bsa_demasi_in_A_LU^sinphi.png                 chi2    157.8/56
   10_bsa_zhao_in_A_LU^sinphi.png                   chi2      5.7/12
   11_bsa_clas12_in_sigma_LTp_over_sigma_0.png      chi2     76.7/30
   12_eg1_in_AULsin.png                             chi2     22.1/10
   12_eg1_in_AULsin2.png                            chi2     13.6/10
   12_eg1_in_ALLc.png                               chi2     37.5/10
   12_eg1_in_ALLcos.png                             chi2     50.7/10
plots -> runs/08_drop_halla_y21/plots
