De Masi: 56 of 62 points are above threshold
=== 06_drop_halla_y16: chi2/ndf = 3.7467 (3315.9/885)
   fit    clas6_pi0:     657.2/288     2.28
   fit    clas6_eta:     390.5/207     1.89
   fit      halla_n:      19.5/12      1.62
          halla_y16:      92.4/21      4.40
   fit    halla_y11:     220.6/112     1.97
   fit    halla_y21:     607.4/144     4.22
          clas12_xs:    3673.2/438     8.39
   fit      compass:    1041.5/10    104.15
   fit   bsa_demasi:     146.5/56      2.62
   fit     bsa_zhao:       4.8/12      0.40
   fit   bsa_clas12:      78.7/30      2.62
   fit          eg1:     149.3/40      3.73
   01_clas6_pi0_in_U.png                            chi2    268.0/96
   01_clas6_pi0_in_LT.png                           chi2    188.4/96
   01_clas6_pi0_in_TT.png                           chi2    200.8/96
   02_clas6_eta_in_U.png                            chi2    266.9/69
   02_clas6_eta_in_LT.png                           chi2     47.4/69
   02_clas6_eta_in_TT.png                           chi2     76.2/69
   03_halla_n_in_T.png                              chi2      4.8/4
   03_halla_n_in_LT.png                             chi2     10.0/4
   03_halla_n_in_TT.png                             chi2      4.7/4
   04_halla_y16_out_T.png                           chi2     22.0/7
   04_halla_y16_out_LT.png                          chi2     32.8/7
   04_halla_y16_out_TT.png                          chi2     37.6/7
   05_halla_y11_in_U.png                            chi2     69.5/28
   05_halla_y11_in_LT.png                           chi2     62.6/28
   05_halla_y11_in_TT.png                           chi2     53.5/28
   05_halla_y11_in_LTp.png                          chi2     35.0/28
   06_halla_y21_in_U.png                            chi2    241.3/36
   06_halla_y21_in_LT.png                           chi2     92.5/36
   06_halla_y21_in_TT.png                           chi2    221.3/36
   06_halla_y21_in_LTp.png                          chi2     52.3/36
   07_clas12_xs_out_U.png                           chi2    670.9/146
   07_clas12_xs_out_LT.png                          chi2   2453.8/146
   07_clas12_xs_out_TT.png                          chi2    548.5/146
   08_compass_in_U.png                              chi2    925.3/5
   08_compass_in_TT.png                             chi2    116.1/5
   09_bsa_demasi_in_A_LU^sinphi.png                 chi2    146.5/56
   10_bsa_zhao_in_A_LU^sinphi.png                   chi2      4.8/12
   11_bsa_clas12_in_sigma_LTp_over_sigma_0.png      chi2     78.7/30
   12_eg1_in_AULsin.png                             chi2     32.7/10
   12_eg1_in_AULsin2.png                            chi2     10.8/10
   12_eg1_in_ALLc.png                               chi2     48.6/10
   12_eg1_in_ALLcos.png                             chi2     57.2/10
plots -> runs/06_drop_halla_y16/plots
